[     767ms] [LOG] Running frontend commit e13076fc0bca40e477d600c2c69f92d155b161da @ https://www.figma.com/file/HNS3VdAyubm38nx5aYVZOR?node-id=29485-2:583
[    1233ms] [WARNING] Statsig is not ready to log exposures, will retry in 1 seconds @ https://www.figma.com/webpack-artifacts/assets/vendor-core-34edd2c749031eb9.min.js.br:53
[    1266ms] [LOG] Loaded 110 scripts (8552681b), 110 from cache (8552681b) @ https://www.figma.com/webpack-artifacts/assets/vendor-core-34edd2c749031eb9.min.js.br:53
[    1338ms] [LOG] [import] git: e13076fc0bca40e477d600c2c69f92d155b161da, stamp: 7AD68800CAF98504 @ https://www.figma.com/webpack-artifacts/assets/vendor-core-34edd2c749031eb9.min.js.br:53
[    1514ms] [ERROR] Failed to load resource: net::ERR_FAILED @ chrome-extension://invalid/:0
[    1521ms] [INFO] Autosave Changes not available or already claimed by another tab undefined @ https://www.figma.com/webpack-artifacts/assets/vendor-core-34edd2c749031eb9.min.js.br:53
[    1837ms] [INFO] [Fullscreen] Booting... (emscripten version 4.0.21) @ https://www.figma.com/webpack-artifacts/assets/vendor-core-34edd2c749031eb9.min.js.br:53
[    1857ms] [INFO] [GPU] graphicsAPI:"WebGPU", vendor:"Google Inc. (Apple)" renderer:"ANGLE (Apple, ANGLE Metal Renderer: Apple M3 Pro, Unspecified Version)" deviceArchitecture:"metal-3" deviceDescription:"" webGPUDevice:"" webGPUVendor:"apple" bindings:"emdawnwebgpu" @ https://www.figma.com/webpack-artifacts/assets/vendor-core-34edd2c749031eb9.min.js.br:53
[    1858ms] [LOG] [Fullscreen] Ready in 39.3ms @ https://www.figma.com/webpack-artifacts/assets/vendor-core-34edd2c749031eb9.min.js.br:53
[    1933ms] [INFO] [FullscreenApp] calling setEditorTheme and setting preference light @ https://www.figma.com/webpack-artifacts/assets/vendor-core-34edd2c749031eb9.min.js.br:53
[    1982ms] [INFO] [MultiplayerSession] connecting to wss://www.figma.com/api/multiplayer/HNS3VdAyubm38nx5aYVZOR?role=editor&tracking_session_id=PhBqxv4mIuvZklSh&version=151&recentReload=0&file-load-streaming-compression=&scenegraph-queries-initial-nodes=29485%3A2&user-id=1090649483460597189&client_release=e13076fc0bca40e477d600c2c69f92d155b161da&force-dpl-journaled-reconnect=1 @ https://www.figma.com/webpack-artifacts/assets/vendor-core-34edd2c749031eb9.min.js.br:53
[    1983ms] [INFO] [FullscreenApp] calling setEditorTheme and setting preference light @ https://www.figma.com/webpack-artifacts/assets/vendor-core-34edd2c749031eb9.min.js.br:53
[    2523ms] [INFO] [Sprigma] Sprig SDK is ready @ https://www.figma.com/webpack-artifacts/assets/vendor-core-34edd2c749031eb9.min.js.br:53
[    4363ms] [INFO] [MultiplayerSession] Joining file version 106 (initial load) @ https://www.figma.com/webpack-artifacts/assets/vendor-core-34edd2c749031eb9.min.js.br:53
[    4453ms] [LOG] Migration succeeded: context: fullscreen_migrate_SceneGraphManager, version: 106, duration: 0ms. @ https://www.figma.com/webpack-artifacts/assets/vendor-core-34edd2c749031eb9.min.js.br:53
[    4812ms] [WARNING] Canvas2D: Multiple readback operations using getImageData are faster with the willReadFrequently attribute set to true. See: https://html.spec.whatwg.org/multipage/canvas.html#concept-canvas-will-read-frequently @ https://static.figma.com/fullscreen/2595c8e8be92df58cf7a7a59b7dbf6edbd8afba0/fullscreen-harfbuzz-12-3-0/compiled_wasm.js.br:1
[    4826ms] [WARNING] Canvas2D: Multiple readback operations using getImageData are faster with the willReadFrequently attribute set to true. See: https://html.spec.whatwg.org/multipage/canvas.html#concept-canvas-will-read-frequently @ https://static.figma.com/fullscreen/2595c8e8be92df58cf7a7a59b7dbf6edbd8afba0/fullscreen-harfbuzz-12-3-0/compiled_wasm.js.br:1
[    4832ms] [INFO] afterJoinEnd PageSyncing: Loaded incrementally {loaded_pages: 29346:35155} @ https://www.figma.com/webpack-artifacts/assets/vendor-core-34edd2c749031eb9.min.js.br:53
[    5331ms] [LOG] [Fullscreen] loadtime=6.49s maxmem=42052852 @ https://www.figma.com/webpack-artifacts/assets/vendor-core-34edd2c749031eb9.min.js.br:53
[  217148ms] [WARNING] Canvas2D: Multiple readback operations using getImageData are faster with the willReadFrequently attribute set to true. See: https://html.spec.whatwg.org/multipage/canvas.html#concept-canvas-will-read-frequently @ https://www.figma.com/webpack-artifacts/assets/752-bc83be17348c3e1a.min.js.br:1504
[  217149ms] [WARNING] Canvas2D: Multiple readback operations using getImageData are faster with the willReadFrequently attribute set to true. See: https://html.spec.whatwg.org/multipage/canvas.html#concept-canvas-will-read-frequently @ https://www.figma.com/webpack-artifacts/assets/752-bc83be17348c3e1a.min.js.br:1504
[  278850ms] [INFO] [MultiplayerSession] connecting to wss://www.figma.com/api/multiplayer/HNS3VdAyubm38nx5aYVZOR?role=editor&tracking_session_id=PhBqxv4mIuvZklSh&version=151&recentReload=0&file-load-streaming-compression=&scenegraph-queries-initial-nodes=29346%3A35155&user-id=1090649483460597189&client_release=e13076fc0bca40e477d600c2c69f92d155b161da&reconnect-key=047c2834f8b9f0c19bdc980f2dec923953c3d9b9&reconnect-sequence-number=1464&initialFileVersion=106&previousLoadMode=incremental&incremental-loading-validation=0&force-dpl-journaled-reconnect=1 @ https://www.figma.com/webpack-artifacts/assets/vendor-core-34edd2c749031eb9.min.js.br:53
[  281226ms] [INFO] [MultiplayerSession] Joining file version 106 (skip_reload reconnect) @ https://www.figma.com/webpack-artifacts/assets/vendor-core-34edd2c749031eb9.min.js.br:53
[  281228ms] [INFO] afterJoinEnd PageSyncing: Loaded incrementally {loaded_pages: 29346:35155} @ https://www.figma.com/webpack-artifacts/assets/vendor-core-34edd2c749031eb9.min.js.br:53
[ 3759075ms] [LOG] [Livegraph] Connection closed. Code: 4001, reason: connection_lifetime @ https://www.figma.com/webpack-artifacts/assets/vendor-core-34edd2c749031eb9.min.js.br:53
[ 4306617ms] [INFO] [MultiplayerSession] connecting to wss://www.figma.com/api/multiplayer/HNS3VdAyubm38nx5aYVZOR?role=editor&tracking_session_id=PhBqxv4mIuvZklSh&version=151&recentReload=0&file-load-streaming-compression=&scenegraph-queries-initial-nodes=29346%3A35155&user-id=1090649483460597189&client_release=e13076fc0bca40e477d600c2c69f92d155b161da&reconnect-key=047c2834f8b9f0c19bdc980f2dec923953c3d9b9&reconnect-sequence-number=1464&initialFileVersion=106&previousLoadMode=incremental&incremental-loading-validation=0&force-dpl-journaled-reconnect=1 @ https://www.figma.com/webpack-artifacts/assets/vendor-core-34edd2c749031eb9.min.js.br:53
[ 4308496ms] [INFO] [MultiplayerSession] Joining file version 106 (skip_reload reconnect) @ https://www.figma.com/webpack-artifacts/assets/vendor-core-34edd2c749031eb9.min.js.br:53
[ 4308503ms] [INFO] afterJoinEnd PageSyncing: Loaded incrementally {loaded_pages: 29346:35155} @ https://www.figma.com/webpack-artifacts/assets/vendor-core-34edd2c749031eb9.min.js.br:53
[ 7441964ms] [LOG] [Livegraph] Connection closed. Code: 4001, reason: connection_lifetime @ https://www.figma.com/webpack-artifacts/assets/vendor-core-34edd2c749031eb9.min.js.br:53
[ 8398389ms] [INFO] [MultiplayerSession] connecting to wss://www.figma.com/api/multiplayer/HNS3VdAyubm38nx5aYVZOR?role=editor&tracking_session_id=PhBqxv4mIuvZklSh&version=151&recentReload=0&file-load-streaming-compression=&scenegraph-queries-initial-nodes=29346%3A35155&user-id=1090649483460597189&client_release=e13076fc0bca40e477d600c2c69f92d155b161da&reconnect-key=047c2834f8b9f0c19bdc980f2dec923953c3d9b9&reconnect-sequence-number=1464&initialFileVersion=106&previousLoadMode=incremental&incremental-loading-validation=0&force-dpl-journaled-reconnect=1 @ https://www.figma.com/webpack-artifacts/assets/vendor-core-34edd2c749031eb9.min.js.br:53
[ 8400852ms] [INFO] [MultiplayerSession] Joining file version 106 (skip_reload reconnect) @ https://www.figma.com/webpack-artifacts/assets/vendor-core-34edd2c749031eb9.min.js.br:53
[ 8400854ms] [INFO] afterJoinEnd PageSyncing: Loaded incrementally {loaded_pages: 29346:35155} @ https://www.figma.com/webpack-artifacts/assets/vendor-core-34edd2c749031eb9.min.js.br:53
[ 8878841ms] [INFO] [MultiplayerSession] connecting to wss://www.figma.com/api/multiplayer/HNS3VdAyubm38nx5aYVZOR?role=editor&tracking_session_id=PhBqxv4mIuvZklSh&version=151&recentReload=0&file-load-streaming-compression=&scenegraph-queries-initial-nodes=29346%3A35155&user-id=1090649483460597189&client_release=e13076fc0bca40e477d600c2c69f92d155b161da&reconnect-key=047c2834f8b9f0c19bdc980f2dec923953c3d9b9&reconnect-sequence-number=1464&initialFileVersion=106&previousLoadMode=incremental&incremental-loading-validation=0&force-dpl-journaled-reconnect=1 @ https://www.figma.com/webpack-artifacts/assets/vendor-core-34edd2c749031eb9.min.js.br:53
[ 8881263ms] [INFO] [MultiplayerSession] Joining file version 106 (skip_reload reconnect) @ https://www.figma.com/webpack-artifacts/assets/vendor-core-34edd2c749031eb9.min.js.br:53
[ 8881266ms] [INFO] afterJoinEnd PageSyncing: Loaded incrementally {loaded_pages: 29346:35155} @ https://www.figma.com/webpack-artifacts/assets/vendor-core-34edd2c749031eb9.min.js.br:53
[ 9333839ms] [INFO] [MultiplayerSession] connecting to wss://www.figma.com/api/multiplayer/HNS3VdAyubm38nx5aYVZOR?role=editor&tracking_session_id=PhBqxv4mIuvZklSh&version=151&recentReload=0&file-load-streaming-compression=&scenegraph-queries-initial-nodes=29346%3A35155&user-id=1090649483460597189&client_release=e13076fc0bca40e477d600c2c69f92d155b161da&reconnect-key=047c2834f8b9f0c19bdc980f2dec923953c3d9b9&reconnect-sequence-number=1464&initialFileVersion=106&previousLoadMode=incremental&incremental-loading-validation=0&force-dpl-journaled-reconnect=1 @ https://www.figma.com/webpack-artifacts/assets/vendor-core-34edd2c749031eb9.min.js.br:53
[ 9336049ms] [INFO] [MultiplayerSession] Joining file version 106 (skip_reload reconnect) @ https://www.figma.com/webpack-artifacts/assets/vendor-core-34edd2c749031eb9.min.js.br:53
[ 9336050ms] [INFO] afterJoinEnd PageSyncing: Loaded incrementally {loaded_pages: 29346:35155} @ https://www.figma.com/webpack-artifacts/assets/vendor-core-34edd2c749031eb9.min.js.br:53
[11310483ms] [LOG] [Livegraph] Connection closed. Code: 4001, reason: connection_lifetime @ https://www.figma.com/webpack-artifacts/assets/vendor-core-34edd2c749031eb9.min.js.br:53
[14680773ms] [LOG] Running frontend commit 17dbffd1bdb7ee4bb49b4fef937b8c583857a52e @ https://www.figma.com/design/HNS3VdAyubm38nx5aYVZOR/Portfolio_-John-Ohio?node-id=29346-35155&p=f&t=9CDlDi2sGRzl67B3-0:583
[14682214ms] [WARNING] Statsig is not ready to log exposures, will retry in 1 seconds @ https://www.figma.com/webpack-artifacts/assets/vendor-core-c78631ab124923e5.min.js.br:53
[14682822ms] [ERROR] Failed to load resource: net::ERR_FAILED @ chrome-extension://invalid/:0
[14682837ms] [INFO] Autosave Changes not available or already claimed by another tab undefined @ https://www.figma.com/webpack-artifacts/assets/vendor-core-c78631ab124923e5.min.js.br:53
[14682868ms] [INFO] Slow network is detected. See https://www.chromestatus.com/feature/5636954674692096 for more details. Fallback font will be used while loading: https://static.figma.com/webfont/1/SourceCodePro-Medium.woff2 @ https://www.figma.com/webpack-artifacts/assets/596-c1914424d1a91a57.min.js.br:182
[14683019ms] [LOG] [import] git: 93dcdfe86b981b45581096cb4a6579ec4e9baf1b, stamp: ADB2BCC8AE3472B2 @ https://www.figma.com/webpack-artifacts/assets/vendor-core-c78631ab124923e5.min.js.br:53
[14683417ms] [INFO] [Fullscreen] Booting... (emscripten version 4.0.21) @ https://www.figma.com/webpack-artifacts/assets/vendor-core-c78631ab124923e5.min.js.br:53
[14683471ms] [INFO] [GPU] graphicsAPI:"WebGPU", vendor:"Google Inc. (Apple)" renderer:"ANGLE (Apple, ANGLE Metal Renderer: Apple M3 Pro, Unspecified Version)" deviceArchitecture:"metal-3" deviceDescription:"" webGPUDevice:"" webGPUVendor:"apple" bindings:"emdawnwebgpu" @ https://www.figma.com/webpack-artifacts/assets/vendor-core-c78631ab124923e5.min.js.br:53
[14683473ms] [LOG] [Fullscreen] Ready in 605.1ms @ https://www.figma.com/webpack-artifacts/assets/vendor-core-c78631ab124923e5.min.js.br:53
[14683582ms] [INFO] [FullscreenApp] calling setEditorTheme and setting preference light @ https://www.figma.com/webpack-artifacts/assets/vendor-core-c78631ab124923e5.min.js.br:53
[14683644ms] [INFO] [MultiplayerSession] connecting to wss://www.figma.com/api/multiplayer/HNS3VdAyubm38nx5aYVZOR?role=editor&tracking_session_id=IHFdnvjToCHabIIM&version=151&recentReload=0&file-load-streaming-compression=&scenegraph-queries-initial-nodes=29346%3A35155&user-id=1090649483460597189&client_release=17dbffd1bdb7ee4bb49b4fef937b8c583857a52e&force-dpl-journaled-reconnect=1 @ https://www.figma.com/webpack-artifacts/assets/vendor-core-c78631ab124923e5.min.js.br:53
[14683654ms] [INFO] [FullscreenApp] calling setEditorTheme and setting preference light @ https://www.figma.com/webpack-artifacts/assets/vendor-core-c78631ab124923e5.min.js.br:53
[14683802ms] [LOG] Loaded 180 scripts (10654264b), 89 from cache (2343426b) @ https://www.figma.com/webpack-artifacts/assets/vendor-core-c78631ab124923e5.min.js.br:53
[14684420ms] [INFO] [MultiplayerSession] Joining file version 106 (initial load) @ https://www.figma.com/webpack-artifacts/assets/vendor-core-c78631ab124923e5.min.js.br:53
[14684592ms] [LOG] Migration succeeded: context: fullscreen_migrate_SceneGraphManager, version: 106, duration: 0ms. @ https://www.figma.com/webpack-artifacts/assets/vendor-core-c78631ab124923e5.min.js.br:53
[14684921ms] [WARNING] Canvas2D: Multiple readback operations using getImageData are faster with the willReadFrequently attribute set to true. See: https://html.spec.whatwg.org/multipage/canvas.html#concept-canvas-will-read-frequently @ https://static.figma.com/fullscreen/93dcdfe86b981b45581096cb4a6579ec4e9baf1b/fullscreen-harfbuzz-12-3-0/compiled_wasm.js.br:1
[14684955ms] [INFO] afterJoinEnd PageSyncing: Loaded incrementally {loaded_pages: 29346:35155} @ https://www.figma.com/webpack-artifacts/assets/vendor-core-c78631ab124923e5.min.js.br:53
[14685477ms] [INFO] [Sprigma] Sprig SDK is ready @ https://www.figma.com/webpack-artifacts/assets/vendor-core-c78631ab124923e5.min.js.br:53
[14685678ms] [LOG] [Fullscreen] loadtime=5.84s maxmem=41319040 @ https://www.figma.com/webpack-artifacts/assets/vendor-core-c78631ab124923e5.min.js.br:53
[14742221ms] [WARNING] Canvas2D: Multiple readback operations using getImageData are faster with the willReadFrequently attribute set to true. See: https://html.spec.whatwg.org/multipage/canvas.html#concept-canvas-will-read-frequently @ https://static.figma.com/fullscreen/93dcdfe86b981b45581096cb4a6579ec4e9baf1b/fullscreen-harfbuzz-12-3-0/compiled_wasm.js.br:1
[18570149ms] [LOG] [Livegraph] Connection closed. Code: 4001, reason: connection_lifetime @ https://www.figma.com/webpack-artifacts/assets/vendor-core-c78631ab124923e5.min.js.br:53
[20434927ms] [LOG] [Livegraph] Connection closed. Code: 4001, reason: draining_start @ https://www.figma.com/webpack-artifacts/assets/vendor-core-c78631ab124923e5.min.js.br:53
[20571655ms] [LOG] [Livegraph] Connection closed. Code: 4001, reason: draining_start @ https://www.figma.com/webpack-artifacts/assets/vendor-core-c78631ab124923e5.min.js.br:53
[23428774ms] [INFO] [MultiplayerSession] connecting to wss://www.figma.com/api/multiplayer/HNS3VdAyubm38nx5aYVZOR?role=editor&tracking_session_id=IHFdnvjToCHabIIM&version=151&recentReload=0&file-load-streaming-compression=&scenegraph-queries-initial-nodes=29346%3A35155&user-id=1090649483460597189&client_release=17dbffd1bdb7ee4bb49b4fef937b8c583857a52e&reconnect-key=e7ca7a71617016aa403e0eda17ad9b0f222d04ea&reconnect-sequence-number=1464&initialFileVersion=106&previousLoadMode=incremental&incremental-loading-validation=0&force-dpl-journaled-reconnect=1 @ https://www.figma.com/webpack-artifacts/assets/vendor-core-c78631ab124923e5.min.js.br:53
[23430491ms] [INFO] [MultiplayerSession] Joining file version 106 (skip_reload reconnect) @ https://www.figma.com/webpack-artifacts/assets/vendor-core-c78631ab124923e5.min.js.br:53
[23430495ms] [INFO] afterJoinEnd PageSyncing: Loaded incrementally {loaded_pages: 29346:35155} @ https://www.figma.com/webpack-artifacts/assets/vendor-core-c78631ab124923e5.min.js.br:53
[23721533ms] [LOG] [Livegraph] Connection closed. Code: 4001, reason: draining_start @ https://www.figma.com/webpack-artifacts/assets/vendor-core-c78631ab124923e5.min.js.br:53
[25527016ms] [INFO] [MultiplayerSession] connecting to wss://www.figma.com/api/multiplayer/HNS3VdAyubm38nx5aYVZOR?role=editor&tracking_session_id=IHFdnvjToCHabIIM&version=151&recentReload=0&file-load-streaming-compression=&scenegraph-queries-initial-nodes=29346%3A35155&user-id=1090649483460597189&client_release=17dbffd1bdb7ee4bb49b4fef937b8c583857a52e&reconnect-key=e7ca7a71617016aa403e0eda17ad9b0f222d04ea&reconnect-sequence-number=1464&initialFileVersion=106&previousLoadMode=incremental&incremental-loading-validation=0&force-dpl-journaled-reconnect=1 @ https://www.figma.com/webpack-artifacts/assets/vendor-core-c78631ab124923e5.min.js.br:53
[25529263ms] [INFO] [MultiplayerSession] Joining file version 106 (skip_reload reconnect) @ https://www.figma.com/webpack-artifacts/assets/vendor-core-c78631ab124923e5.min.js.br:53
[25529265ms] [INFO] afterJoinEnd PageSyncing: Loaded incrementally {loaded_pages: 29346:35155} @ https://www.figma.com/webpack-artifacts/assets/vendor-core-c78631ab124923e5.min.js.br:53
[25850765ms] [INFO] [MultiplayerSession] connecting to wss://www.figma.com/api/multiplayer/HNS3VdAyubm38nx5aYVZOR?role=editor&tracking_session_id=IHFdnvjToCHabIIM&version=151&recentReload=0&file-load-streaming-compression=&scenegraph-queries-initial-nodes=29346%3A35155&user-id=1090649483460597189&client_release=17dbffd1bdb7ee4bb49b4fef937b8c583857a52e&reconnect-key=e7ca7a71617016aa403e0eda17ad9b0f222d04ea&reconnect-sequence-number=1464&initialFileVersion=106&previousLoadMode=incremental&incremental-loading-validation=0&force-dpl-journaled-reconnect=1 @ https://www.figma.com/webpack-artifacts/assets/vendor-core-c78631ab124923e5.min.js.br:53
[25853178ms] [INFO] [MultiplayerSession] Joining file version 106 (skip_reload reconnect) @ https://www.figma.com/webpack-artifacts/assets/vendor-core-c78631ab124923e5.min.js.br:53
[25853179ms] [INFO] afterJoinEnd PageSyncing: Loaded incrementally {loaded_pages: 29346:35155} @ https://www.figma.com/webpack-artifacts/assets/vendor-core-c78631ab124923e5.min.js.br:53
[27353913ms] [LOG] [Livegraph] Connection closed. Code: 4001, reason: connection_lifetime @ https://www.figma.com/webpack-artifacts/assets/vendor-core-c78631ab124923e5.min.js.br:53
[28051648ms] [LOG] [Livegraph] Connection closed. Code: 4001, reason: draining_start @ https://www.figma.com/webpack-artifacts/assets/vendor-core-c78631ab124923e5.min.js.br:53
[31820793ms] [LOG] [Livegraph] Connection closed. Code: 4001, reason: connection_lifetime @ https://www.figma.com/webpack-artifacts/assets/vendor-core-c78631ab124923e5.min.js.br:53
[34145343ms] [INFO] [MultiplayerSession] connecting to wss://www.figma.com/api/multiplayer/HNS3VdAyubm38nx5aYVZOR?role=editor&tracking_session_id=IHFdnvjToCHabIIM&version=151&recentReload=0&file-load-streaming-compression=&scenegraph-queries-initial-nodes=29346%3A35155&user-id=1090649483460597189&client_release=17dbffd1bdb7ee4bb49b4fef937b8c583857a52e&reconnect-key=e7ca7a71617016aa403e0eda17ad9b0f222d04ea&reconnect-sequence-number=1464&initialFileVersion=106&previousLoadMode=incremental&incremental-loading-validation=0&force-dpl-journaled-reconnect=1 @ https://www.figma.com/webpack-artifacts/assets/vendor-core-c78631ab124923e5.min.js.br:53
[34147290ms] [INFO] [MultiplayerSession] Joining file version 106 (skip_reload reconnect) @ https://www.figma.com/webpack-artifacts/assets/vendor-core-c78631ab124923e5.min.js.br:53
[34147293ms] [INFO] afterJoinEnd PageSyncing: Loaded incrementally {loaded_pages: 29346:35155} @ https://www.figma.com/webpack-artifacts/assets/vendor-core-c78631ab124923e5.min.js.br:53
[35702813ms] [LOG] [Livegraph] Connection closed. Code: 4001, reason: connection_lifetime @ https://www.figma.com/webpack-artifacts/assets/vendor-core-c78631ab124923e5.min.js.br:53
[38020180ms] [LOG] [Livegraph] Connection closed. Code: 1006, reason:  @ https://www.figma.com/webpack-artifacts/assets/vendor-core-c78631ab124923e5.min.js.br:53
[38024818ms] [INFO] [MultiplayerSession] connecting to wss://www.figma.com/api/multiplayer/HNS3VdAyubm38nx5aYVZOR?role=editor&tracking_session_id=IHFdnvjToCHabIIM&version=151&recentReload=0&file-load-streaming-compression=&scenegraph-queries-initial-nodes=29346%3A35155&user-id=1090649483460597189&client_release=17dbffd1bdb7ee4bb49b4fef937b8c583857a52e&reconnect-key=e7ca7a71617016aa403e0eda17ad9b0f222d04ea&reconnect-sequence-number=1464&initialFileVersion=106&previousLoadMode=incremental&incremental-loading-validation=0&force-dpl-journaled-reconnect=1 @ https://www.figma.com/webpack-artifacts/assets/vendor-core-c78631ab124923e5.min.js.br:53
[38026353ms] [INFO] [MultiplayerSession] Joining file version 106 (skip_reload reconnect) @ https://www.figma.com/webpack-artifacts/assets/vendor-core-c78631ab124923e5.min.js.br:53
[38026354ms] [INFO] afterJoinEnd PageSyncing: Loaded incrementally {loaded_pages: 29346:35155} @ https://www.figma.com/webpack-artifacts/assets/vendor-core-c78631ab124923e5.min.js.br:53
[40663744ms] [LOG] [Livegraph] Connection closed. Code: 4001, reason: draining_start @ https://www.figma.com/webpack-artifacts/assets/vendor-core-c78631ab124923e5.min.js.br:53
[42985702ms] [INFO] [MultiplayerSession] connecting to wss://www.figma.com/api/multiplayer/HNS3VdAyubm38nx5aYVZOR?role=editor&tracking_session_id=IHFdnvjToCHabIIM&version=151&recentReload=0&file-load-streaming-compression=&scenegraph-queries-initial-nodes=29346%3A35155&user-id=1090649483460597189&client_release=17dbffd1bdb7ee4bb49b4fef937b8c583857a52e&reconnect-key=e7ca7a71617016aa403e0eda17ad9b0f222d04ea&reconnect-sequence-number=1464&initialFileVersion=106&previousLoadMode=incremental&incremental-loading-validation=0&force-dpl-journaled-reconnect=1 @ https://www.figma.com/webpack-artifacts/assets/vendor-core-c78631ab124923e5.min.js.br:53
[42987268ms] [INFO] [MultiplayerSession] Joining file version 106 (skip_reload reconnect) @ https://www.figma.com/webpack-artifacts/assets/vendor-core-c78631ab124923e5.min.js.br:53
[42987269ms] [INFO] afterJoinEnd PageSyncing: Loaded incrementally {loaded_pages: 29346:35155} @ https://www.figma.com/webpack-artifacts/assets/vendor-core-c78631ab124923e5.min.js.br:53
[43607655ms] [LOG] [Livegraph] Connection closed. Code: 1006, reason:  @ https://www.figma.com/webpack-artifacts/assets/vendor-core-c78631ab124923e5.min.js.br:53
[45048929ms] [INFO] [MultiplayerSession] connecting to wss://www.figma.com/api/multiplayer/HNS3VdAyubm38nx5aYVZOR?role=editor&tracking_session_id=IHFdnvjToCHabIIM&version=151&recentReload=0&file-load-streaming-compression=&scenegraph-queries-initial-nodes=29346%3A35155&user-id=1090649483460597189&client_release=17dbffd1bdb7ee4bb49b4fef937b8c583857a52e&reconnect-key=e7ca7a71617016aa403e0eda17ad9b0f222d04ea&reconnect-sequence-number=1464&initialFileVersion=106&previousLoadMode=incremental&incremental-loading-validation=0&force-dpl-journaled-reconnect=1 @ https://www.figma.com/webpack-artifacts/assets/vendor-core-c78631ab124923e5.min.js.br:53
[45050730ms] [INFO] [MultiplayerSession] Joining file version 106 (skip_reload reconnect) @ https://www.figma.com/webpack-artifacts/assets/vendor-core-c78631ab124923e5.min.js.br:53
[45050732ms] [INFO] afterJoinEnd PageSyncing: Loaded incrementally {loaded_pages: 29346:35155} @ https://www.figma.com/webpack-artifacts/assets/vendor-core-c78631ab124923e5.min.js.br:53
[45598640ms] [INFO] [MultiplayerSession] connecting to wss://www.figma.com/api/multiplayer/HNS3VdAyubm38nx5aYVZOR?role=editor&tracking_session_id=IHFdnvjToCHabIIM&version=151&recentReload=0&file-load-streaming-compression=&scenegraph-queries-initial-nodes=29346%3A35155&user-id=1090649483460597189&client_release=17dbffd1bdb7ee4bb49b4fef937b8c583857a52e&reconnect-key=e7ca7a71617016aa403e0eda17ad9b0f222d04ea&reconnect-sequence-number=1464&initialFileVersion=106&previousLoadMode=incremental&incremental-loading-validation=0&force-dpl-journaled-reconnect=1 @ https://www.figma.com/webpack-artifacts/assets/vendor-core-c78631ab124923e5.min.js.br:53
[45600161ms] [INFO] [MultiplayerSession] Joining file version 106 (skip_reload reconnect) @ https://www.figma.com/webpack-artifacts/assets/vendor-core-c78631ab124923e5.min.js.br:53
[45600163ms] [INFO] afterJoinEnd PageSyncing: Loaded incrementally {loaded_pages: 29346:35155} @ https://www.figma.com/webpack-artifacts/assets/vendor-core-c78631ab124923e5.min.js.br:53
[47331516ms] [LOG] [Livegraph] Connection closed. Code: 4001, reason: connection_lifetime @ https://www.figma.com/webpack-artifacts/assets/vendor-core-c78631ab124923e5.min.js.br:53
[50821919ms] [INFO] [MultiplayerSession] connecting to wss://www.figma.com/api/multiplayer/HNS3VdAyubm38nx5aYVZOR?role=editor&tracking_session_id=IHFdnvjToCHabIIM&version=151&recentReload=0&file-load-streaming-compression=&scenegraph-queries-initial-nodes=29346%3A35155&user-id=1090649483460597189&client_release=17dbffd1bdb7ee4bb49b4fef937b8c583857a52e&reconnect-key=e7ca7a71617016aa403e0eda17ad9b0f222d04ea&reconnect-sequence-number=1464&initialFileVersion=106&previousLoadMode=incremental&incremental-loading-validation=0&force-dpl-journaled-reconnect=1 @ https://www.figma.com/webpack-artifacts/assets/vendor-core-c78631ab124923e5.min.js.br:53
[50824204ms] [INFO] [MultiplayerSession] Joining file version 106 (skip_reload reconnect) @ https://www.figma.com/webpack-artifacts/assets/vendor-core-c78631ab124923e5.min.js.br:53
[50824206ms] [INFO] afterJoinEnd PageSyncing: Loaded incrementally {loaded_pages: 29346:35155} @ https://www.figma.com/webpack-artifacts/assets/vendor-core-c78631ab124923e5.min.js.br:53
[51049967ms] [LOG] [Livegraph] Connection closed. Code: 4001, reason: connection_lifetime @ https://www.figma.com/webpack-artifacts/assets/vendor-core-c78631ab124923e5.min.js.br:53
[54727017ms] [LOG] [Livegraph] Connection closed. Code: 4001, reason: connection_lifetime @ https://www.figma.com/webpack-artifacts/assets/vendor-core-c78631ab124923e5.min.js.br:53
[58605335ms] [LOG] [Livegraph] Connection closed. Code: 4001, reason: connection_lifetime @ https://www.figma.com/webpack-artifacts/assets/vendor-core-c78631ab124923e5.min.js.br:53
[59309361ms] [INFO] [MultiplayerSession] connecting to wss://www.figma.com/api/multiplayer/HNS3VdAyubm38nx5aYVZOR?role=editor&tracking_session_id=IHFdnvjToCHabIIM&version=151&recentReload=0&file-load-streaming-compression=&scenegraph-queries-initial-nodes=29346%3A35155&user-id=1090649483460597189&client_release=17dbffd1bdb7ee4bb49b4fef937b8c583857a52e&reconnect-key=e7ca7a71617016aa403e0eda17ad9b0f222d04ea&reconnect-sequence-number=1464&initialFileVersion=106&previousLoadMode=incremental&incremental-loading-validation=0&force-dpl-journaled-reconnect=1 @ https://www.figma.com/webpack-artifacts/assets/vendor-core-c78631ab124923e5.min.js.br:53
[59311013ms] [INFO] [MultiplayerSession] Joining file version 106 (skip_reload reconnect) @ https://www.figma.com/webpack-artifacts/assets/vendor-core-c78631ab124923e5.min.js.br:53
[59311015ms] [INFO] afterJoinEnd PageSyncing: Loaded incrementally {loaded_pages: 29346:35155} @ https://www.figma.com/webpack-artifacts/assets/vendor-core-c78631ab124923e5.min.js.br:53
[62484109ms] [LOG] [Livegraph] Connection closed. Code: 4001, reason: connection_lifetime @ https://www.figma.com/webpack-artifacts/assets/vendor-core-c78631ab124923e5.min.js.br:53
