[      -1ms] [ERROR] Failed to load resource: the server responded with a status of 401 () @ https://project-pxf41-8f1cihskr-jon4ohios-projects.vercel.app/:0
[    1358ms] [LOG] %c
▲

    ____                               _ __
   / __ \________  ____ _____ ___     (_) /_
  / / / / ___/ _ \/ __ `/ __ `__ \   / / __/
 / /_/ / /  /  __/ /_/ / / / / / /  / / /__
/_____/_/   \___/\__,_/_/ /_/ /_/  /_/\__( )
   _____ __    _          _ __           |/
  / ___// /_  (_)___     (_) /_
  \__ \/ __ \/ / __ \   / / __/
 ___/ / / / / / /_/ /  / / /_
/____/_/ /_/_/ .___/  /_/\__/
            /_/
  

Hello!

- Open Source https://vercel.com/oss
- Careers https://vercel.com/careers
- Status https://vercel-status.com

 font-family: "Geist Mono", monospace; white-space: pre; line-height: 1; @ https://vercel.com/_next/static/chunks/0jqo-yke-dyi6.js?dpl=dpl_329iHobYtM7bS5W3JYTm4eyKvfdz:72
[    2190ms] [WARNING] Deprecated API for given entry type. @ https://vercel.com/_next/static/chunks/0qzfdxdn7uo4m.js?dpl=dpl_329iHobYtM7bS5W3JYTm4eyKvfdz:18
[    2447ms] [ERROR] Failed to load resource: the server responded with a status of 403 () @ https://vercel.com/api/jwt:0
[    2589ms] [WARNING] [GSI_LOGGER]: Your client application uses one of the Google One Tap prompt UI status methods that may stop functioning when FedCM becomes mandatory. Refer to the migration guide to update your code accordingly and opt-in to FedCM to test your changes. Learn more: https://developers.google.com/identity/gsi/web/guides/fedcm-migration?s=dc#display_moment and https://developers.google.com/identity/gsi/web/guides/fedcm-migration?s=dc#skipped_moment @ https://vercel.com/_next/static/chunks/0qzfdxdn7uo4m.js?dpl=dpl_329iHobYtM7bS5W3JYTm4eyKvfdz:16
[    3927ms] [ERROR] [GSI_LOGGER]: FedCM get() rejects with AbortError: signal is aborted without reason @ https://vercel.com/_next/static/chunks/0-crvg46lxnip.js?dpl=dpl_329iHobYtM7bS5W3JYTm4eyKvfdz:1
[    3927ms] [ERROR] The request has been aborted. @ https://vercel.com/login?next=%2Fsso-api%3Furl%3Dhttps%253A%252F%252Fproject-pxf41-8f1cihskr-jon4ohios-projects.vercel.app%252F%26nonce%3Df1245569e6bd8dc51fa441a1d304acf57d4b93530efd86e5415494e4d1fb9087:0
[    4074ms] [ERROR] Failed to load resource: the server responded with a status of 429 () @ https://o205439.ingest.sentry.io/api/1323670/envelope/?sentry_key=d00780d432ac4ccf882f60dd02062e14&sentry_version=7&sentry_client=sentry.javascript.browser%2F7.111.0:0
[    5180ms] [LOG] %c%s color: red; background: yellow; font-size: 24px; WARNING! @ https://www.gstatic.com/_/mss/boq-identity/_/js/k=boq-identity.AccountsSignInUi.en.XbtEKILyvPQ.es5.O/am=Kf4GAABCEUgGwP___zcAIACCaOB6FoAmEBkAAAAAAAAAALBAAAAaAQ/d=1/excm=_b,_tp,accountchooserview/ed=1/dg=0/wt=2/ujg=1/rs=AOaEmlEbHMJDEh6ABjOPt19PqlH2f4-Gtw/dti=1/m=_b,_tp:468
[    5180ms] [LOG] %c%s font-size: 18px; Using this console may allow attackers to impersonate you and steal your information using an attack called Self-XSS.
Do not enter or paste code that you do not understand. @ https://www.gstatic.com/_/mss/boq-identity/_/js/k=boq-identity.AccountsSignInUi.en.XbtEKILyvPQ.es5.O/am=Kf4GAABCEUgGwP___zcAIACCaOB6FoAmEBkAAAAAAAAAALBAAAAaAQ/d=1/excm=_b,_tp,accountchooserview/ed=1/dg=0/wt=2/ujg=1/rs=AOaEmlEbHMJDEh6ABjOPt19PqlH2f4-Gtw/dti=1/m=_b,_tp:468
[    8467ms] [LOG] %c%s color: red; background: yellow; font-size: 24px; WARNING! @ https://www.gstatic.com/_/mss/boq-identity/_/js/k=boq-identity.OAuthUi.en.83OpWH2L-Hk.es5.O/am=Hv8AAAAgAAPg____DQiiwXoGoEAAAAAAAAAAABgCAEQ/d=1/excm=_b,_tp,attributesview/ed=1/dg=0/wt=2/ujg=1/rs=AOaEmlFTwks_3AVXRA6N-NjUCcAd6yDCAQ/dti=1/m=_b,_tp:426
[    8467ms] [LOG] %c%s font-size: 18px; Using this console may allow attackers to impersonate you and steal your information using an attack called Self-XSS.
Do not enter or paste code that you do not understand. @ https://www.gstatic.com/_/mss/boq-identity/_/js/k=boq-identity.OAuthUi.en.83OpWH2L-Hk.es5.O/am=Hv8AAAAgAAPg____DQiiwXoGoEAAAAAAAAAAABgCAEQ/d=1/excm=_b,_tp,attributesview/ed=1/dg=0/wt=2/ujg=1/rs=AOaEmlFTwks_3AVXRA6N-NjUCcAd6yDCAQ/dti=1/m=_b,_tp:426
[   13207ms] [LOG] %c
▲

    ________   _ __ _          ____           __
   /  _/ __/  (_) /( )_____   / __/___ ______/ /_
   / // /_   / / __/// ___/  / /_/ __ `/ ___/ __/
 _/ // __/  / / /_  (__  )  / __/ /_/ (__  ) /_
/___/_/    /_/\__/ /____/  /_/  \__,_/____/\__/
    _ __ _                         _    __                    __
   (_) /( )_____   ____  ____     | |  / /__  _____________  / /
  / / __/// ___/  / __ \/ __ \    | | / / _ \/ ___/ ___/ _ \/ /
 / / /_  (__  )  / /_/ / / / /    | |/ /  __/ /  / /__/  __/ /
/_/\__/ /____/   \____/_/ /_/     |___/\___/_/   \___/\___/_/
  

Hello!

- Open Source https://vercel.com/oss
- Careers https://vercel.com/careers
- Status https://vercel-status.com

 font-family: "Geist Mono", monospace; white-space: pre; line-height: 1; @ https://vercel.com/_next/static/chunks/0q5_oqkeig73w.js?dpl=dpl_329iHobYtM7bS5W3JYTm4eyKvfdz:72
[   13532ms] [WARNING] Deprecated API for given entry type. @ https://vercel.com/_next/static/chunks/0y5ga0i5xlam8.js?dpl=dpl_329iHobYtM7bS5W3JYTm4eyKvfdz:18
[   13831ms] [ERROR] Failed to load resource: the server responded with a status of 403 () @ https://vercel.com/api/jwt:0
