[      -4ms] [ERROR] Failed to load resource: the server responded with a status of 403 () @ https://www.figma.com/design/IbQN8DI53CPTDRoShRtG8t/Breeze-Back-Office-Admin?node-id=3155-16511&t=29zyCgsiJYMgrdPT-1:0
[      44ms] [LOG] Running frontend commit e13076fc0bca40e477d600c2c69f92d155b161da @ https://www.figma.com/design/IbQN8DI53CPTDRoShRtG8t/Breeze-Back-Office-Admin?node-id=3155-16511&t=29zyCgsiJYMgrdPT-1:448
[     662ms] [WARNING] Failed to execute 'postMessage' on 'DOMWindow': The target origin provided ('https://marketing.figma.com') does not match the recipient window's origin ('https://www.figma.com'). @ https://www.figma.com/webpack-artifacts/assets/request_permissions-3500454263ad3b7e.min.js.br:518
[     662ms] [WARNING] Failed to execute 'postMessage' on 'DOMWindow': The target origin provided ('https://marketing.figma.com') does not match the recipient window's origin ('https://www.figma.com'). @ https://www.figma.com/webpack-artifacts/assets/request_permissions-3500454263ad3b7e.min.js.br:518
[     662ms] [WARNING] Failed to execute 'postMessage' on 'DOMWindow': The target origin provided ('https://marketing.figma.com') does not match the recipient window's origin ('https://www.figma.com'). @ https://www.figma.com/webpack-artifacts/assets/request_permissions-3500454263ad3b7e.min.js.br:518
[     662ms] [WARNING] Failed to execute 'postMessage' on 'DOMWindow': The target origin provided ('https://marketing.figma.com') does not match the recipient window's origin ('https://www.figma.com'). @ https://www.figma.com/webpack-artifacts/assets/request_permissions-3500454263ad3b7e.min.js.br:518
[     662ms] [WARNING] Failed to execute 'postMessage' on 'DOMWindow': The target origin provided ('https://marketing.figma.com') does not match the recipient window's origin ('https://www.figma.com'). @ https://www.figma.com/webpack-artifacts/assets/request_permissions-3500454263ad3b7e.min.js.br:518
[     662ms] [WARNING] Failed to execute 'postMessage' on 'DOMWindow': The target origin provided ('https://marketing.figma.com') does not match the recipient window's origin ('https://www.figma.com'). @ https://www.figma.com/webpack-artifacts/assets/request_permissions-3500454263ad3b7e.min.js.br:518
[     662ms] [WARNING] Failed to execute 'postMessage' on 'DOMWindow': The target origin provided ('https://marketing.figma.com') does not match the recipient window's origin ('https://www.figma.com'). @ https://www.figma.com/webpack-artifacts/assets/request_permissions-3500454263ad3b7e.min.js.br:518
[    1021ms] [ERROR] Attestation check for Attribution Reporting on https://www.facebook.com failed. @ https://www.figma.com/design/IbQN8DI53CPTDRoShRtG8t/Breeze-Back-Office-Admin?node-id=3155-16511&t=29zyCgsiJYMgrdPT-1:0
[ 2009211ms] [ERROR] Failed to load resource: the server responded with a status of 403 () @ https://www.figma.com/design/IbQN8DI53CPTDRoShRtG8t/Breeze-Back-Office-Admin?node-id=3155-16511&t=29zyCgsiJYMgrdPT-1:0
[ 2009270ms] [LOG] Running frontend commit e13076fc0bca40e477d600c2c69f92d155b161da @ https://www.figma.com/design/IbQN8DI53CPTDRoShRtG8t/Breeze-Back-Office-Admin?node-id=3155-16511&t=29zyCgsiJYMgrdPT-1:450
[ 2017903ms] [WARNING] The resource https://www.figma.com/api/user/state?fuid=941744220736188671 was preloaded using link preload but not used within a few seconds from the window's load event. Please make sure it has an appropriate `as` value and it is preloaded intentionally. @ https://www.figma.com/design/IbQN8DI53CPTDRoShRtG8t/Breeze-Back-Office-Admin?node-id=3155-16511&t=29zyCgsiJYMgrdPT-1#:0
[ 2017903ms] [WARNING] The resource https://www.figma.com/api/session/state?fuid=941744220736188671 was preloaded using link preload but not used within a few seconds from the window's load event. Please make sure it has an appropriate `as` value and it is preloaded intentionally. @ https://www.figma.com/design/IbQN8DI53CPTDRoShRtG8t/Breeze-Back-Office-Admin?node-id=3155-16511&t=29zyCgsiJYMgrdPT-1#:0
[ 2022959ms] [WARNING] The resource https://www.figma.com/api/user/state?fuid=941744220736188671 was preloaded using link preload but not used within a few seconds from the window's load event. Please make sure it has an appropriate `as` value and it is preloaded intentionally. @ https://www.figma.com/design/IbQN8DI53CPTDRoShRtG8t/Breeze-Back-Office-Admin?node-id=3155-16511&t=29zyCgsiJYMgrdPT-1#:0
[ 2022959ms] [WARNING] The resource https://www.figma.com/api/session/state?fuid=941744220736188671 was preloaded using link preload but not used within a few seconds from the window's load event. Please make sure it has an appropriate `as` value and it is preloaded intentionally. @ https://www.figma.com/design/IbQN8DI53CPTDRoShRtG8t/Breeze-Back-Office-Admin?node-id=3155-16511&t=29zyCgsiJYMgrdPT-1#:0
[ 2026374ms] [WARNING] The resource https://www.figma.com/api/user/state?fuid=941744220736188671 was preloaded using link preload but not used within a few seconds from the window's load event. Please make sure it has an appropriate `as` value and it is preloaded intentionally. @ https://www.figma.com/design/IbQN8DI53CPTDRoShRtG8t/Breeze-Back-Office-Admin?node-id=3155-16511&t=29zyCgsiJYMgrdPT-1#:0
[ 2026374ms] [WARNING] The resource https://www.figma.com/api/session/state?fuid=941744220736188671 was preloaded using link preload but not used within a few seconds from the window's load event. Please make sure it has an appropriate `as` value and it is preloaded intentionally. @ https://www.figma.com/design/IbQN8DI53CPTDRoShRtG8t/Breeze-Back-Office-Admin?node-id=3155-16511&t=29zyCgsiJYMgrdPT-1#:0
[ 2077875ms] [WARNING] The resource https://www.figma.com/api/user/state?fuid=941744220736188671 was preloaded using link preload but not used within a few seconds from the window's load event. Please make sure it has an appropriate `as` value and it is preloaded intentionally. @ https://www.figma.com/design/IbQN8DI53CPTDRoShRtG8t/Breeze-Back-Office-Admin?node-id=3155-16511&t=29zyCgsiJYMgrdPT-1#:0
[ 2077875ms] [WARNING] The resource https://www.figma.com/api/session/state?fuid=941744220736188671 was preloaded using link preload but not used within a few seconds from the window's load event. Please make sure it has an appropriate `as` value and it is preloaded intentionally. @ https://www.figma.com/design/IbQN8DI53CPTDRoShRtG8t/Breeze-Back-Office-Admin?node-id=3155-16511&t=29zyCgsiJYMgrdPT-1#:0
[ 2082917ms] [WARNING] The resource https://www.figma.com/api/user/state?fuid=941744220736188671 was preloaded using link preload but not used within a few seconds from the window's load event. Please make sure it has an appropriate `as` value and it is preloaded intentionally. @ https://www.figma.com/design/IbQN8DI53CPTDRoShRtG8t/Breeze-Back-Office-Admin?node-id=3155-16511&t=29zyCgsiJYMgrdPT-1#:0
[ 2082917ms] [WARNING] The resource https://www.figma.com/api/session/state?fuid=941744220736188671 was preloaded using link preload but not used within a few seconds from the window's load event. Please make sure it has an appropriate `as` value and it is preloaded intentionally. @ https://www.figma.com/design/IbQN8DI53CPTDRoShRtG8t/Breeze-Back-Office-Admin?node-id=3155-16511&t=29zyCgsiJYMgrdPT-1#:0
[ 2106289ms] [LOG] Running frontend commit e13076fc0bca40e477d600c2c69f92d155b161da @ https://www.figma.com/design/IbQN8DI53CPTDRoShRtG8t/Breeze-Back-Office-Admin?fuid=1090649483460597189:583
[ 2107246ms] [WARNING] Statsig is not ready to log exposures, will retry in 1 seconds @ https://www.figma.com/webpack-artifacts/assets/vendor-core-34edd2c749031eb9.min.js.br:53
[ 2107416ms] [INFO] Autosave Changes not available or already claimed by another tab undefined @ https://www.figma.com/webpack-artifacts/assets/vendor-core-34edd2c749031eb9.min.js.br:53
[ 2107417ms] [LOG] [import] git: e13076fc0bca40e477d600c2c69f92d155b161da, stamp: 7AD68800CAF98504 @ https://www.figma.com/webpack-artifacts/assets/vendor-core-34edd2c749031eb9.min.js.br:53
[ 2107419ms] [LOG] Loaded 180 scripts (10636512b), 180 from cache (10636512b) @ https://www.figma.com/webpack-artifacts/assets/vendor-core-34edd2c749031eb9.min.js.br:53
[ 2107539ms] [ERROR] Failed to load resource: net::ERR_FAILED @ chrome-extension://invalid/:0
[ 2108586ms] [INFO] [Sprigma] Sprig SDK is ready @ https://www.figma.com/webpack-artifacts/assets/vendor-core-34edd2c749031eb9.min.js.br:53
[ 2112050ms] [INFO] [Fullscreen] Booting... (emscripten version 4.0.21) @ https://www.figma.com/webpack-artifacts/assets/vendor-core-34edd2c749031eb9.min.js.br:53
[ 2112108ms] [INFO] [GPU] graphicsAPI:"WebGPU", vendor:"Google Inc. (Apple)" renderer:"ANGLE (Apple, ANGLE Metal Renderer: Apple M3 Pro, Unspecified Version)" deviceArchitecture:"metal-3" deviceDescription:"" webGPUDevice:"" webGPUVendor:"apple" bindings:"emdawnwebgpu" @ https://www.figma.com/webpack-artifacts/assets/vendor-core-34edd2c749031eb9.min.js.br:53
[ 2112111ms] [LOG] [Fullscreen] Ready in 4344.8ms @ https://www.figma.com/webpack-artifacts/assets/vendor-core-34edd2c749031eb9.min.js.br:53
[ 2112270ms] [INFO] [FullscreenApp] calling setEditorTheme and setting preference light @ https://www.figma.com/webpack-artifacts/assets/vendor-core-34edd2c749031eb9.min.js.br:53
[ 2112315ms] [INFO] [MultiplayerSession] connecting to wss://www.figma.com/api/multiplayer/IbQN8DI53CPTDRoShRtG8t?role=editor&tracking_session_id=V8lQLEjFRRkwksGo&version=151&recentReload=0&file-load-streaming-compression=&user-id=1090649483460597189&client_release=e13076fc0bca40e477d600c2c69f92d155b161da&force-dpl-journaled-reconnect=1 @ https://www.figma.com/webpack-artifacts/assets/vendor-core-34edd2c749031eb9.min.js.br:53
[ 2112323ms] [INFO] [MultiplayerSession] Joining file version 106 (initial load) @ https://www.figma.com/webpack-artifacts/assets/vendor-core-34edd2c749031eb9.min.js.br:53
[ 2113237ms] [WARNING] Canvas2D: Multiple readback operations using getImageData are faster with the willReadFrequently attribute set to true. See: https://html.spec.whatwg.org/multipage/canvas.html#concept-canvas-will-read-frequently @ https://static.figma.com/fullscreen/2595c8e8be92df58cf7a7a59b7dbf6edbd8afba0/fullscreen-harfbuzz-12-3-0/compiled_wasm.js.br:1
[ 2113250ms] [INFO] afterJoinEnd PageSyncing: Loaded incrementally {loaded_pages: 114:23306} @ https://www.figma.com/webpack-artifacts/assets/vendor-core-34edd2c749031eb9.min.js.br:53
[ 2113254ms] [INFO] [FullscreenApp] calling setEditorTheme and setting preference light @ https://www.figma.com/webpack-artifacts/assets/vendor-core-34edd2c749031eb9.min.js.br:53
[ 2113631ms] [LOG] [Fullscreen] loadtime=8.96s maxmem=42896576 @ https://www.figma.com/webpack-artifacts/assets/vendor-core-34edd2c749031eb9.min.js.br:53
[ 2771565ms] [INFO] [MultiplayerSession] connecting to wss://www.figma.com/api/multiplayer/IbQN8DI53CPTDRoShRtG8t?role=editor&tracking_session_id=V8lQLEjFRRkwksGo&version=151&recentReload=0&file-load-streaming-compression=&scenegraph-queries-initial-nodes=114%3A23306&user-id=1090649483460597189&client_release=e13076fc0bca40e477d600c2c69f92d155b161da&reconnect-key=c09d45e4f9471179b08951d148ad5aa03987c393&reconnect-sequence-number=38261&initialFileVersion=106&previousLoadMode=incremental&incremental-loading-validation=0&force-dpl-journaled-reconnect=1 @ https://www.figma.com/webpack-artifacts/assets/vendor-core-34edd2c749031eb9.min.js.br:53
[ 2774151ms] [INFO] [MultiplayerSession] Joining file version 106 (skip_reload reconnect) @ https://www.figma.com/webpack-artifacts/assets/vendor-core-34edd2c749031eb9.min.js.br:53
[ 2774154ms] [INFO] afterJoinEnd PageSyncing: Loaded incrementally {loaded_pages: 114:23306} @ https://www.figma.com/webpack-artifacts/assets/vendor-core-34edd2c749031eb9.min.js.br:53
[ 3373115ms] [ERROR] Failed to load resource: net::ERR_CONNECTION_CLOSED @ https://www.figma.com/api/web_logger/histogram_batched:0
[ 5770191ms] [LOG] [Livegraph] Connection closed. Code: 4001, reason: connection_lifetime @ https://www.figma.com/webpack-artifacts/assets/vendor-core-34edd2c749031eb9.min.js.br:53
[ 7995068ms] [LOG] [Livegraph] Connection closed. Code: 4001, reason: draining_start @ https://www.figma.com/webpack-artifacts/assets/vendor-core-34edd2c749031eb9.min.js.br:53
[10994830ms] [INFO] [MultiplayerSession] connecting to wss://www.figma.com/api/multiplayer/IbQN8DI53CPTDRoShRtG8t?role=editor&tracking_session_id=V8lQLEjFRRkwksGo&version=151&recentReload=0&file-load-streaming-compression=&scenegraph-queries-initial-nodes=114%3A23306&user-id=1090649483460597189&client_release=e13076fc0bca40e477d600c2c69f92d155b161da&reconnect-key=c09d45e4f9471179b08951d148ad5aa03987c393&reconnect-sequence-number=38261&initialFileVersion=106&previousLoadMode=incremental&incremental-loading-validation=0&force-dpl-journaled-reconnect=1 @ https://www.figma.com/webpack-artifacts/assets/vendor-core-34edd2c749031eb9.min.js.br:53
[10997087ms] [INFO] [MultiplayerSession] Joining file version 106 (skip_reload reconnect) @ https://www.figma.com/webpack-artifacts/assets/vendor-core-34edd2c749031eb9.min.js.br:53
[10997091ms] [INFO] afterJoinEnd PageSyncing: Loaded incrementally {loaded_pages: 114:23306} @ https://www.figma.com/webpack-artifacts/assets/vendor-core-34edd2c749031eb9.min.js.br:53
[11833607ms] [LOG] [Livegraph] Connection closed. Code: 4001, reason: connection_lifetime @ https://www.figma.com/webpack-artifacts/assets/vendor-core-34edd2c749031eb9.min.js.br:53
[12056045ms] [INFO] [MultiplayerSession] connecting to wss://www.figma.com/api/multiplayer/IbQN8DI53CPTDRoShRtG8t?role=editor&tracking_session_id=V8lQLEjFRRkwksGo&version=151&recentReload=0&file-load-streaming-compression=&scenegraph-queries-initial-nodes=114%3A23306&user-id=1090649483460597189&client_release=e13076fc0bca40e477d600c2c69f92d155b161da&reconnect-key=c09d45e4f9471179b08951d148ad5aa03987c393&reconnect-sequence-number=38261&initialFileVersion=106&previousLoadMode=incremental&incremental-loading-validation=0&force-dpl-journaled-reconnect=1 @ https://www.figma.com/webpack-artifacts/assets/vendor-core-34edd2c749031eb9.min.js.br:53
[12058405ms] [INFO] [MultiplayerSession] Joining file version 106 (skip_reload reconnect) @ https://www.figma.com/webpack-artifacts/assets/vendor-core-34edd2c749031eb9.min.js.br:53
[12058407ms] [INFO] afterJoinEnd PageSyncing: Loaded incrementally {loaded_pages: 114:23306} @ https://www.figma.com/webpack-artifacts/assets/vendor-core-34edd2c749031eb9.min.js.br:53
[13840500ms] [INFO] [MultiplayerSession] connecting to wss://www.figma.com/api/multiplayer/IbQN8DI53CPTDRoShRtG8t?role=editor&tracking_session_id=V8lQLEjFRRkwksGo&version=151&recentReload=0&file-load-streaming-compression=&scenegraph-queries-initial-nodes=114%3A23306&user-id=1090649483460597189&client_release=e13076fc0bca40e477d600c2c69f92d155b161da&reconnect-key=c09d45e4f9471179b08951d148ad5aa03987c393&reconnect-sequence-number=38261&initialFileVersion=106&previousLoadMode=incremental&incremental-loading-validation=0&force-dpl-journaled-reconnect=1 @ https://www.figma.com/webpack-artifacts/assets/vendor-core-34edd2c749031eb9.min.js.br:53
[13842941ms] [INFO] [MultiplayerSession] Joining file version 106 (skip_reload reconnect) @ https://www.figma.com/webpack-artifacts/assets/vendor-core-34edd2c749031eb9.min.js.br:53
[13842947ms] [INFO] afterJoinEnd PageSyncing: Loaded incrementally {loaded_pages: 114:23306} @ https://www.figma.com/webpack-artifacts/assets/vendor-core-34edd2c749031eb9.min.js.br:53
[14738482ms] [INFO] [MultiplayerSession] connecting to wss://www.figma.com/api/multiplayer/IbQN8DI53CPTDRoShRtG8t?role=editor&tracking_session_id=V8lQLEjFRRkwksGo&version=151&recentReload=0&file-load-streaming-compression=&scenegraph-queries-initial-nodes=114%3A23306&user-id=1090649483460597189&client_release=e13076fc0bca40e477d600c2c69f92d155b161da&reconnect-key=c09d45e4f9471179b08951d148ad5aa03987c393&reconnect-sequence-number=38261&initialFileVersion=106&previousLoadMode=incremental&incremental-loading-validation=0&force-dpl-journaled-reconnect=1 @ https://www.figma.com/webpack-artifacts/assets/vendor-core-34edd2c749031eb9.min.js.br:53
[14740871ms] [INFO] [MultiplayerSession] Joining file version 106 (skip_reload reconnect) @ https://www.figma.com/webpack-artifacts/assets/vendor-core-34edd2c749031eb9.min.js.br:53
[14740872ms] [INFO] afterJoinEnd PageSyncing: Loaded incrementally {loaded_pages: 114:23306} @ https://www.figma.com/webpack-artifacts/assets/vendor-core-34edd2c749031eb9.min.js.br:53
[15718580ms] [LOG] [Livegraph] Connection closed. Code: 4001, reason: connection_lifetime @ https://www.figma.com/webpack-artifacts/assets/vendor-core-34edd2c749031eb9.min.js.br:53
[18779033ms] [LOG] [Livegraph] Connection closed. Code: 4001, reason: draining_start @ https://www.figma.com/webpack-artifacts/assets/vendor-core-34edd2c749031eb9.min.js.br:53
[22653260ms] [LOG] [Livegraph] Connection closed. Code: 4001, reason: connection_lifetime @ https://www.figma.com/webpack-artifacts/assets/vendor-core-34edd2c749031eb9.min.js.br:53
[25853084ms] [INFO] [MultiplayerSession] connecting to wss://www.figma.com/api/multiplayer/IbQN8DI53CPTDRoShRtG8t?role=editor&tracking_session_id=V8lQLEjFRRkwksGo&version=151&recentReload=0&file-load-streaming-compression=&scenegraph-queries-initial-nodes=114%3A23306&user-id=1090649483460597189&client_release=e13076fc0bca40e477d600c2c69f92d155b161da&reconnect-key=c09d45e4f9471179b08951d148ad5aa03987c393&reconnect-sequence-number=38261&initialFileVersion=106&previousLoadMode=incremental&incremental-loading-validation=0&force-dpl-journaled-reconnect=1 @ https://www.figma.com/webpack-artifacts/assets/vendor-core-34edd2c749031eb9.min.js.br:53
[25855255ms] [INFO] [MultiplayerSession] Joining file version 106 (skip_reload reconnect) @ https://www.figma.com/webpack-artifacts/assets/vendor-core-34edd2c749031eb9.min.js.br:53
[25855258ms] [INFO] afterJoinEnd PageSyncing: Loaded incrementally {loaded_pages: 114:23306} @ https://www.figma.com/webpack-artifacts/assets/vendor-core-34edd2c749031eb9.min.js.br:53
[26144833ms] [INFO] [MultiplayerSession] connecting to wss://www.figma.com/api/multiplayer/IbQN8DI53CPTDRoShRtG8t?role=editor&tracking_session_id=V8lQLEjFRRkwksGo&version=151&recentReload=0&file-load-streaming-compression=&scenegraph-queries-initial-nodes=114%3A23306&user-id=1090649483460597189&client_release=e13076fc0bca40e477d600c2c69f92d155b161da&reconnect-key=c09d45e4f9471179b08951d148ad5aa03987c393&reconnect-sequence-number=38261&initialFileVersion=106&previousLoadMode=incremental&incremental-loading-validation=0&force-dpl-journaled-reconnect=1 @ https://www.figma.com/webpack-artifacts/assets/vendor-core-34edd2c749031eb9.min.js.br:53
[26147270ms] [INFO] [MultiplayerSession] Joining file version 106 (skip_reload reconnect) @ https://www.figma.com/webpack-artifacts/assets/vendor-core-34edd2c749031eb9.min.js.br:53
[26147271ms] [INFO] afterJoinEnd PageSyncing: Loaded incrementally {loaded_pages: 114:23306} @ https://www.figma.com/webpack-artifacts/assets/vendor-core-34edd2c749031eb9.min.js.br:53
[26471285ms] [LOG] [Livegraph] Connection closed. Code: 4001, reason: connection_lifetime @ https://www.figma.com/webpack-artifacts/assets/vendor-core-34edd2c749031eb9.min.js.br:53
[27776327ms] [INFO] [MultiplayerSession] connecting to wss://www.figma.com/api/multiplayer/IbQN8DI53CPTDRoShRtG8t?role=editor&tracking_session_id=V8lQLEjFRRkwksGo&version=151&recentReload=0&file-load-streaming-compression=&scenegraph-queries-initial-nodes=114%3A23306&user-id=1090649483460597189&client_release=e13076fc0bca40e477d600c2c69f92d155b161da&reconnect-key=c09d45e4f9471179b08951d148ad5aa03987c393&reconnect-sequence-number=38261&initialFileVersion=106&previousLoadMode=incremental&incremental-loading-validation=0&force-dpl-journaled-reconnect=1 @ https://www.figma.com/webpack-artifacts/assets/vendor-core-34edd2c749031eb9.min.js.br:53
[27778578ms] [INFO] [MultiplayerSession] Joining file version 106 (skip_reload reconnect) @ https://www.figma.com/webpack-artifacts/assets/vendor-core-34edd2c749031eb9.min.js.br:53
[27778580ms] [INFO] afterJoinEnd PageSyncing: Loaded incrementally {loaded_pages: 114:23306} @ https://www.figma.com/webpack-artifacts/assets/vendor-core-34edd2c749031eb9.min.js.br:53
[30102317ms] [LOG] [Livegraph] Connection closed. Code: 4001, reason: connection_lifetime @ https://www.figma.com/webpack-artifacts/assets/vendor-core-34edd2c749031eb9.min.js.br:53
[30757135ms] [INFO] [MultiplayerSession] connecting to wss://www.figma.com/api/multiplayer/IbQN8DI53CPTDRoShRtG8t?role=editor&tracking_session_id=V8lQLEjFRRkwksGo&version=151&recentReload=0&file-load-streaming-compression=&scenegraph-queries-initial-nodes=114%3A23306&user-id=1090649483460597189&client_release=e13076fc0bca40e477d600c2c69f92d155b161da&reconnect-key=c09d45e4f9471179b08951d148ad5aa03987c393&reconnect-sequence-number=38261&initialFileVersion=106&previousLoadMode=incremental&incremental-loading-validation=0&force-dpl-journaled-reconnect=1 @ https://www.figma.com/webpack-artifacts/assets/vendor-core-34edd2c749031eb9.min.js.br:53
[30759427ms] [INFO] [MultiplayerSession] Joining file version 106 (skip_reload reconnect) @ https://www.figma.com/webpack-artifacts/assets/vendor-core-34edd2c749031eb9.min.js.br:53
[30759428ms] [INFO] afterJoinEnd PageSyncing: Loaded incrementally {loaded_pages: 114:23306} @ https://www.figma.com/webpack-artifacts/assets/vendor-core-34edd2c749031eb9.min.js.br:53
[33728981ms] [LOG] [Livegraph] Connection closed. Code: 4001, reason: connection_lifetime @ https://www.figma.com/webpack-artifacts/assets/vendor-core-34edd2c749031eb9.min.js.br:53
[37471884ms] [LOG] [Livegraph] Connection closed. Code: 4001, reason: connection_lifetime @ https://www.figma.com/webpack-artifacts/assets/vendor-core-34edd2c749031eb9.min.js.br:53
[40337681ms] [LOG] [Livegraph] Connection closed. Code: 1006, reason:  @ https://www.figma.com/webpack-artifacts/assets/vendor-core-34edd2c749031eb9.min.js.br:53
[40357131ms] [INFO] [MultiplayerSession] connecting to wss://www.figma.com/api/multiplayer/IbQN8DI53CPTDRoShRtG8t?role=editor&tracking_session_id=V8lQLEjFRRkwksGo&version=151&recentReload=0&file-load-streaming-compression=&scenegraph-queries-initial-nodes=114%3A23306&user-id=1090649483460597189&client_release=e13076fc0bca40e477d600c2c69f92d155b161da&reconnect-key=c09d45e4f9471179b08951d148ad5aa03987c393&reconnect-sequence-number=38261&initialFileVersion=106&previousLoadMode=incremental&incremental-loading-validation=0&force-dpl-journaled-reconnect=1 @ https://www.figma.com/webpack-artifacts/assets/vendor-core-34edd2c749031eb9.min.js.br:53
[40359383ms] [INFO] [MultiplayerSession] Joining file version 106 (skip_reload reconnect) @ https://www.figma.com/webpack-artifacts/assets/vendor-core-34edd2c749031eb9.min.js.br:53
[40359386ms] [INFO] afterJoinEnd PageSyncing: Loaded incrementally {loaded_pages: 114:23306} @ https://www.figma.com/webpack-artifacts/assets/vendor-core-34edd2c749031eb9.min.js.br:53
[43125251ms] [LOG] [Livegraph] Connection closed. Code: 4001, reason: draining_start @ https://www.figma.com/webpack-artifacts/assets/vendor-core-34edd2c749031eb9.min.js.br:53
[45790207ms] [LOG] [Livegraph] Connection closed. Code: 1006, reason:  @ https://www.figma.com/webpack-artifacts/assets/vendor-core-34edd2c749031eb9.min.js.br:53
[45819020ms] [INFO] [MultiplayerSession] connecting to wss://www.figma.com/api/multiplayer/IbQN8DI53CPTDRoShRtG8t?role=editor&tracking_session_id=V8lQLEjFRRkwksGo&version=151&recentReload=0&file-load-streaming-compression=&scenegraph-queries-initial-nodes=114%3A23306&user-id=1090649483460597189&client_release=e13076fc0bca40e477d600c2c69f92d155b161da&reconnect-key=c09d45e4f9471179b08951d148ad5aa03987c393&reconnect-sequence-number=38261&initialFileVersion=106&previousLoadMode=incremental&incremental-loading-validation=0&force-dpl-journaled-reconnect=1 @ https://www.figma.com/webpack-artifacts/assets/vendor-core-34edd2c749031eb9.min.js.br:53
[45820499ms] [INFO] [MultiplayerSession] Joining file version 106 (skip_reload reconnect) @ https://www.figma.com/webpack-artifacts/assets/vendor-core-34edd2c749031eb9.min.js.br:53
[45820501ms] [INFO] afterJoinEnd PageSyncing: Loaded incrementally {loaded_pages: 114:23306} @ https://www.figma.com/webpack-artifacts/assets/vendor-core-34edd2c749031eb9.min.js.br:53
[49562208ms] [LOG] [Livegraph] Connection closed. Code: 4001, reason: connection_lifetime @ https://www.figma.com/webpack-artifacts/assets/vendor-core-34edd2c749031eb9.min.js.br:53
[53290961ms] [LOG] [Livegraph] Connection closed. Code: 4001, reason: connection_lifetime @ https://www.figma.com/webpack-artifacts/assets/vendor-core-34edd2c749031eb9.min.js.br:53
[54951486ms] [INFO] [MultiplayerSession] connecting to wss://www.figma.com/api/multiplayer/IbQN8DI53CPTDRoShRtG8t?role=editor&tracking_session_id=V8lQLEjFRRkwksGo&version=151&recentReload=0&file-load-streaming-compression=&scenegraph-queries-initial-nodes=114%3A23306&user-id=1090649483460597189&client_release=e13076fc0bca40e477d600c2c69f92d155b161da&reconnect-key=c09d45e4f9471179b08951d148ad5aa03987c393&reconnect-sequence-number=38261&initialFileVersion=106&previousLoadMode=incremental&incremental-loading-validation=0&force-dpl-journaled-reconnect=1 @ https://www.figma.com/webpack-artifacts/assets/vendor-core-34edd2c749031eb9.min.js.br:53
[54953572ms] [INFO] [MultiplayerSession] Joining file version 106 (skip_reload reconnect) @ https://www.figma.com/webpack-artifacts/assets/vendor-core-34edd2c749031eb9.min.js.br:53
[54953575ms] [INFO] afterJoinEnd PageSyncing: Loaded incrementally {loaded_pages: 114:23306} @ https://www.figma.com/webpack-artifacts/assets/vendor-core-34edd2c749031eb9.min.js.br:53
[55902441ms] [INFO] [MultiplayerSession] connecting to wss://www.figma.com/api/multiplayer/IbQN8DI53CPTDRoShRtG8t?role=editor&tracking_session_id=V8lQLEjFRRkwksGo&version=151&recentReload=0&file-load-streaming-compression=&scenegraph-queries-initial-nodes=114%3A23306&user-id=1090649483460597189&client_release=e13076fc0bca40e477d600c2c69f92d155b161da&reconnect-key=c09d45e4f9471179b08951d148ad5aa03987c393&reconnect-sequence-number=38261&initialFileVersion=106&previousLoadMode=incremental&incremental-loading-validation=0&force-dpl-journaled-reconnect=1 @ https://www.figma.com/webpack-artifacts/assets/vendor-core-34edd2c749031eb9.min.js.br:53
[55903995ms] [INFO] [MultiplayerSession] Joining file version 106 (skip_reload reconnect) @ https://www.figma.com/webpack-artifacts/assets/vendor-core-34edd2c749031eb9.min.js.br:53
[55903996ms] [INFO] afterJoinEnd PageSyncing: Loaded incrementally {loaded_pages: 114:23306} @ https://www.figma.com/webpack-artifacts/assets/vendor-core-34edd2c749031eb9.min.js.br:53
[57034525ms] [LOG] [Livegraph] Connection closed. Code: 4001, reason: connection_lifetime @ https://www.figma.com/webpack-artifacts/assets/vendor-core-34edd2c749031eb9.min.js.br:53
[57958360ms] [INFO] [MultiplayerSession] connecting to wss://www.figma.com/api/multiplayer/IbQN8DI53CPTDRoShRtG8t?role=editor&tracking_session_id=V8lQLEjFRRkwksGo&version=151&recentReload=0&file-load-streaming-compression=&scenegraph-queries-initial-nodes=114%3A23306&user-id=1090649483460597189&client_release=e13076fc0bca40e477d600c2c69f92d155b161da&reconnect-key=c09d45e4f9471179b08951d148ad5aa03987c393&reconnect-sequence-number=38261&initialFileVersion=106&previousLoadMode=incremental&incremental-loading-validation=0&force-dpl-journaled-reconnect=1 @ https://www.figma.com/webpack-artifacts/assets/vendor-core-34edd2c749031eb9.min.js.br:53
[57960505ms] [INFO] [MultiplayerSession] Joining file version 106 (skip_reload reconnect) @ https://www.figma.com/webpack-artifacts/assets/vendor-core-34edd2c749031eb9.min.js.br:53
[57960507ms] [INFO] afterJoinEnd PageSyncing: Loaded incrementally {loaded_pages: 114:23306} @ https://www.figma.com/webpack-artifacts/assets/vendor-core-34edd2c749031eb9.min.js.br:53
[58334856ms] [INFO] [MultiplayerSession] connecting to wss://www.figma.com/api/multiplayer/IbQN8DI53CPTDRoShRtG8t?role=editor&tracking_session_id=V8lQLEjFRRkwksGo&version=151&recentReload=0&file-load-streaming-compression=&scenegraph-queries-initial-nodes=114%3A23306&user-id=1090649483460597189&client_release=e13076fc0bca40e477d600c2c69f92d155b161da&reconnect-key=c09d45e4f9471179b08951d148ad5aa03987c393&reconnect-sequence-number=38261&initialFileVersion=106&previousLoadMode=incremental&incremental-loading-validation=0&force-dpl-journaled-reconnect=1 @ https://www.figma.com/webpack-artifacts/assets/vendor-core-34edd2c749031eb9.min.js.br:53
[58336569ms] [INFO] [MultiplayerSession] Joining file version 106 (skip_reload reconnect) @ https://www.figma.com/webpack-artifacts/assets/vendor-core-34edd2c749031eb9.min.js.br:53
[58336571ms] [INFO] afterJoinEnd PageSyncing: Loaded incrementally {loaded_pages: 114:23306} @ https://www.figma.com/webpack-artifacts/assets/vendor-core-34edd2c749031eb9.min.js.br:53
[60733595ms] [LOG] [Livegraph] Connection closed. Code: 4001, reason: connection_lifetime @ https://www.figma.com/webpack-artifacts/assets/vendor-core-34edd2c749031eb9.min.js.br:53
[64339487ms] [LOG] [Livegraph] Connection closed. Code: 4001, reason: connection_lifetime @ https://www.figma.com/webpack-artifacts/assets/vendor-core-34edd2c749031eb9.min.js.br:53
