[    4136ms] [LOG] Running frontend commit e13076fc0bca40e477d600c2c69f92d155b161da @ https://www.figma.com/login:453
[    4305ms] [WARNING] Failed to execute 'postMessage' on 'DOMWindow': The target origin provided ('https://marketing.figma.com') does not match the recipient window's origin ('https://www.figma.com'). @ https://www.figma.com/webpack-artifacts/assets/337-f280f05fbe260f2e.min.js.br:6
[    4305ms] [WARNING] Failed to execute 'postMessage' on 'DOMWindow': The target origin provided ('https://marketing.figma.com') does not match the recipient window's origin ('https://www.figma.com'). @ https://www.figma.com/webpack-artifacts/assets/337-f280f05fbe260f2e.min.js.br:6
[    4305ms] [WARNING] Failed to execute 'postMessage' on 'DOMWindow': The target origin provided ('https://marketing.figma.com') does not match the recipient window's origin ('https://www.figma.com'). @ https://www.figma.com/webpack-artifacts/assets/337-f280f05fbe260f2e.min.js.br:6
[    4305ms] [WARNING] Failed to execute 'postMessage' on 'DOMWindow': The target origin provided ('https://marketing.figma.com') does not match the recipient window's origin ('https://www.figma.com'). @ https://www.figma.com/webpack-artifacts/assets/337-f280f05fbe260f2e.min.js.br:6
[    4305ms] [WARNING] Failed to execute 'postMessage' on 'DOMWindow': The target origin provided ('https://marketing.figma.com') does not match the recipient window's origin ('https://www.figma.com'). @ https://www.figma.com/webpack-artifacts/assets/337-f280f05fbe260f2e.min.js.br:6
[    6163ms] [ERROR] Attestation check for Attribution Reporting on https://www.facebook.com failed. @ https://www.figma.com/login:0
[   12465ms] [ERROR] Cross-Origin-Opener-Policy policy would block the window.closed call. @ https://www.figma.com/webpack-artifacts/assets/337-f280f05fbe260f2e.min.js.br:6
[   12465ms] [ERROR] Cross-Origin-Opener-Policy policy would block the window.closed call. @ https://www.figma.com/webpack-artifacts/assets/337-f280f05fbe260f2e.min.js.br:6
[  363812ms] [ERROR] Cross-Origin-Opener-Policy policy would block the window.closed call. @ https://www.figma.com/webpack-artifacts/assets/337-f280f05fbe260f2e.min.js.br:6
[  363812ms] [ERROR] Cross-Origin-Opener-Policy policy would block the window.closed call. @ https://www.figma.com/webpack-artifacts/assets/337-f280f05fbe260f2e.min.js.br:6
[  501536ms] [ERROR] Cross-Origin-Opener-Policy policy would block the window.closed call. @ https://www.figma.com/webpack-artifacts/assets/337-f280f05fbe260f2e.min.js.br:6
[  501536ms] [ERROR] Cross-Origin-Opener-Policy policy would block the window.closed call. @ https://www.figma.com/webpack-artifacts/assets/337-f280f05fbe260f2e.min.js.br:6
[  514055ms] [ERROR] Cross-Origin-Opener-Policy policy would block the window.closed call. @ https://www.figma.com/webpack-artifacts/assets/337-f280f05fbe260f2e.min.js.br:6
[  514055ms] [ERROR] Cross-Origin-Opener-Policy policy would block the window.closed call. @ https://www.figma.com/webpack-artifacts/assets/337-f280f05fbe260f2e.min.js.br:6
[  517329ms] [ERROR] Cross-Origin-Opener-Policy policy would block the window.closed call. @ https://www.figma.com/webpack-artifacts/assets/337-f280f05fbe260f2e.min.js.br:6
[  517329ms] [ERROR] Cross-Origin-Opener-Policy policy would block the window.closed call. @ https://www.figma.com/webpack-artifacts/assets/337-f280f05fbe260f2e.min.js.br:6
[  521889ms] [LOG] Running frontend commit e13076fc0bca40e477d600c2c69f92d155b161da @ https://www.figma.com/files/team/1549346651764553043/recents-and-sharing?fuid=941744220736188671:520
[  523165ms] [WARNING] Statsig is not ready to log exposures, will retry in 1 seconds @ https://www.figma.com/webpack-artifacts/assets/vendor-core-34edd2c749031eb9.min.js.br:53
[  523371ms] [ERROR] Failed to load resource: net::ERR_FAILED @ chrome-extension://invalid/:0
[  523411ms] [LOG] [import] git: e13076fc0bca40e477d600c2c69f92d155b161da, stamp: 7AD68800CAF98504 @ https://www.figma.com/webpack-artifacts/assets/vendor-core-34edd2c749031eb9.min.js.br:53
[  524771ms] [WARNING] Canvas2D: Multiple readback operations using getImageData are faster with the willReadFrequently attribute set to true. See: https://html.spec.whatwg.org/multipage/canvas.html#concept-canvas-will-read-frequently @ https://www.figma.com/webpack-artifacts/assets/752-bc83be17348c3e1a.min.js.br:1402
[  525059ms] [WARNING] Canvas2D: Multiple readback operations using getImageData are faster with the willReadFrequently attribute set to true. See: https://html.spec.whatwg.org/multipage/canvas.html#concept-canvas-will-read-frequently @ https://www.figma.com/webpack-artifacts/assets/752-bc83be17348c3e1a.min.js.br:1402
[  525094ms] [WARNING] Canvas2D: Multiple readback operations using getImageData are faster with the willReadFrequently attribute set to true. See: https://html.spec.whatwg.org/multipage/canvas.html#concept-canvas-will-read-frequently @ https://www.figma.com/webpack-artifacts/assets/752-bc83be17348c3e1a.min.js.br:1402
[  525253ms] [WARNING] Canvas2D: Multiple readback operations using getImageData are faster with the willReadFrequently attribute set to true. See: https://html.spec.whatwg.org/multipage/canvas.html#concept-canvas-will-read-frequently @ https://www.figma.com/webpack-artifacts/assets/752-bc83be17348c3e1a.min.js.br:1402
[  525262ms] [WARNING] Canvas2D: Multiple readback operations using getImageData are faster with the willReadFrequently attribute set to true. See: https://html.spec.whatwg.org/multipage/canvas.html#concept-canvas-will-read-frequently @ https://www.figma.com/webpack-artifacts/assets/752-bc83be17348c3e1a.min.js.br:1402
[  525278ms] [WARNING] Canvas2D: Multiple readback operations using getImageData are faster with the willReadFrequently attribute set to true. See: https://html.spec.whatwg.org/multipage/canvas.html#concept-canvas-will-read-frequently @ https://www.figma.com/webpack-artifacts/assets/752-bc83be17348c3e1a.min.js.br:1402
[  525285ms] [WARNING] Canvas2D: Multiple readback operations using getImageData are faster with the willReadFrequently attribute set to true. See: https://html.spec.whatwg.org/multipage/canvas.html#concept-canvas-will-read-frequently @ https://www.figma.com/webpack-artifacts/assets/752-bc83be17348c3e1a.min.js.br:1402
[  525291ms] [WARNING] Canvas2D: Multiple readback operations using getImageData are faster with the willReadFrequently attribute set to true. See: https://html.spec.whatwg.org/multipage/canvas.html#concept-canvas-will-read-frequently @ https://www.figma.com/webpack-artifacts/assets/752-bc83be17348c3e1a.min.js.br:1402
[  525295ms] [WARNING] Canvas2D: Multiple readback operations using getImageData are faster with the willReadFrequently attribute set to true. See: https://html.spec.whatwg.org/multipage/canvas.html#concept-canvas-will-read-frequently @ https://www.figma.com/webpack-artifacts/assets/752-bc83be17348c3e1a.min.js.br:1402
[  525503ms] [WARNING] Specifying 'overflow: visible' on img, video and canvas tags may cause them to produce visual content outside of the element bounds. See https://github.com/WICG/view-transitions/blob/main/debugging_overflow_on_images.md for details. @ https://www.figma.com/webpack-artifacts/assets/752-bc83be17348c3e1a.min.js.br:1402
[  525868ms] [LOG] Loaded 98 scripts (8582550b), 29 from cache (1056850b) @ https://www.figma.com/webpack-artifacts/assets/vendor-core-34edd2c749031eb9.min.js.br:53
[  526482ms] [INFO] [Sprigma] Sprig SDK is ready @ https://www.figma.com/webpack-artifacts/assets/vendor-core-34edd2c749031eb9.min.js.br:53
[  690879ms] [LOG] Sentry event id: 2593d1b844754f60badba7dd4ac3b617 @ https://www.figma.com/webpack-artifacts/assets/vendor-core-34edd2c749031eb9.min.js.br:53
[ 4196481ms] [LOG] [Livegraph] Connection closed. Code: 4001, reason: connection_lifetime @ https://www.figma.com/webpack-artifacts/assets/vendor-core-34edd2c749031eb9.min.js.br:53
[ 7952076ms] [LOG] [Livegraph] Connection closed. Code: 4001, reason: connection_lifetime @ https://www.figma.com/webpack-artifacts/assets/vendor-core-34edd2c749031eb9.min.js.br:53
[11579148ms] [LOG] [Livegraph] Connection closed. Code: 4001, reason: connection_lifetime @ https://www.figma.com/webpack-artifacts/assets/vendor-core-34edd2c749031eb9.min.js.br:53
[13456053ms] [LOG] [Livegraph] Connection closed. Code: 4001, reason: draining_start @ https://www.figma.com/webpack-artifacts/assets/vendor-core-34edd2c749031eb9.min.js.br:53
[17246011ms] [LOG] [Livegraph] Connection closed. Code: 4001, reason: connection_lifetime @ https://www.figma.com/webpack-artifacts/assets/vendor-core-34edd2c749031eb9.min.js.br:53
[20885272ms] [LOG] [Livegraph] Connection closed. Code: 4001, reason: connection_lifetime @ https://www.figma.com/webpack-artifacts/assets/vendor-core-34edd2c749031eb9.min.js.br:53
[24520788ms] [LOG] [Livegraph] Connection closed. Code: 4001, reason: connection_lifetime @ https://www.figma.com/webpack-artifacts/assets/vendor-core-34edd2c749031eb9.min.js.br:53
[28403240ms] [LOG] [Livegraph] Connection closed. Code: 4001, reason: connection_lifetime @ https://www.figma.com/webpack-artifacts/assets/vendor-core-34edd2c749031eb9.min.js.br:53
[32186899ms] [LOG] [Livegraph] Connection closed. Code: 4001, reason: connection_lifetime @ https://www.figma.com/webpack-artifacts/assets/vendor-core-34edd2c749031eb9.min.js.br:53
[36063229ms] [LOG] [Livegraph] Connection closed. Code: 4001, reason: connection_lifetime @ https://www.figma.com/webpack-artifacts/assets/vendor-core-34edd2c749031eb9.min.js.br:53
[38873025ms] [LOG] [Livegraph] Connection closed. Code: 1006, reason:  @ https://www.figma.com/webpack-artifacts/assets/vendor-core-34edd2c749031eb9.min.js.br:53
[41585270ms] [LOG] [Livegraph] Connection closed. Code: 4001, reason: draining_start @ https://www.figma.com/webpack-artifacts/assets/vendor-core-34edd2c749031eb9.min.js.br:53
[42809601ms] [LOG] [Livegraph] Connection closed. Code: 4001, reason: draining_start @ https://www.figma.com/webpack-artifacts/assets/vendor-core-34edd2c749031eb9.min.js.br:53
[46452426ms] [LOG] [Livegraph] Connection closed. Code: 4001, reason: connection_lifetime @ https://www.figma.com/webpack-artifacts/assets/vendor-core-34edd2c749031eb9.min.js.br:53
[50114653ms] [LOG] [Livegraph] Connection closed. Code: 4001, reason: connection_lifetime @ https://www.figma.com/webpack-artifacts/assets/vendor-core-34edd2c749031eb9.min.js.br:53
[53823566ms] [LOG] [Livegraph] Connection closed. Code: 4001, reason: connection_lifetime @ https://www.figma.com/webpack-artifacts/assets/vendor-core-34edd2c749031eb9.min.js.br:53
[57708381ms] [LOG] [Livegraph] Connection closed. Code: 4001, reason: connection_lifetime @ https://www.figma.com/webpack-artifacts/assets/vendor-core-34edd2c749031eb9.min.js.br:53
[61486489ms] [LOG] [Livegraph] Connection closed. Code: 4001, reason: connection_lifetime @ https://www.figma.com/webpack-artifacts/assets/vendor-core-34edd2c749031eb9.min.js.br:53
[65339497ms] [LOG] [Livegraph] Connection closed. Code: 4001, reason: connection_lifetime @ https://www.figma.com/webpack-artifacts/assets/vendor-core-34edd2c749031eb9.min.js.br:53
