[     715ms] [VERBOSE] [DOM] Password field is not contained in a form: (More info: https://goo.gl/9p2vKq) %o @ https://accounts.google.com/v3/signin/identifier?continue=https://accounts.google.com/signin/chrome/sync/finish?est%3DAHmHvJ8Iypdiln53BOBpfAeoskSxs4NR2vofX4pyy6LuTncfMMt_1FyKvlpqHhLCy9D0lC4eMm4ycfYy1eDjRA%26continue%3Dhttps://www.google.com/&ssp=1&theme=mn&flowName=GlifDesktopChromeSync&dsh=S1814775629:1776350747021253:0
[     718ms] [LOG] %c%s color: red; background: yellow; font-size: 24px; WARNING! @ https://www.gstatic.com/_/mss/boq-identity/_/js/k=boq-identity.AccountsSignInUi.en_US.llpEXSAT6Ik.es5.O/am=Kf4GAABCEUgGwP___zcAIACCaOB6FoAmEB0AAAAAAAAAALBAAAAaAQ/d=1/excm=_b,_tp,identifierview/ed=1/dg=0/wt=2/ujg=1/rs=AOaEmlEoFXz-_VogyxyX3Gfwmqs17bElSg/dti=1/m=_b,_tp:468
[     718ms] [LOG] %c%s font-size: 18px; Using this console may allow attackers to impersonate you and steal your information using an attack called Self-XSS.
Do not enter or paste code that you do not understand. @ https://www.gstatic.com/_/mss/boq-identity/_/js/k=boq-identity.AccountsSignInUi.en_US.llpEXSAT6Ik.es5.O/am=Kf4GAABCEUgGwP___zcAIACCaOB6FoAmEB0AAAAAAAAAALBAAAAaAQ/d=1/excm=_b,_tp,identifierview/ed=1/dg=0/wt=2/ujg=1/rs=AOaEmlEoFXz-_VogyxyX3Gfwmqs17bElSg/dti=1/m=_b,_tp:468
[  140160ms] [VERBOSE] [DOM] Password field is not contained in a form: (More info: https://goo.gl/9p2vKq) %o @ https://accounts.google.com/v3/signin/recoveryidentifier?Email=jon4ohio%40gmail.com&TL=AIgtPP1Jl88M7OjIfafVusCjBAFY2YEAXNC9DV4pW2suhT9UCBc7sFl6ZHfPz1CR&checkConnection=youtube%3A210&checkedDomains=youtube&continue=https%3A%2F%2Faccounts.google.com%2Fsignin%2Fchrome%2Fsync%2Ffinish%3Fest%3DAHmHvJ8Iypdiln53BOBpfAeoskSxs4NR2vofX4pyy6LuTncfMMt_1FyKvlpqHhLCy9D0lC4eMm4ycfYy1eDjRA%26continue%3Dhttps%3A%2F%2Fwww.google.com%2F&dsh=S1814775629%3A1776350747021253&flowName=GlifDesktopChromeSync&pstMsg=1&theme=mn:0
[  140163ms] [LOG] %c%s color: red; background: yellow; font-size: 24px; WARNING! @ https://www.gstatic.com/_/mss/boq-identity/_/js/k=boq-identity.AccountsSignInUi.en_US.llpEXSAT6Ik.es5.O/am=Kf4GAABCEUgGwP___zcAIACCaOB6FoAmEB0AAAAAAAAAALBAAAAaAQ/d=1/excm=_b,_tp,recoveryidentifierview/ed=1/dg=0/wt=2/ujg=1/rs=AOaEmlEoFXz-_VogyxyX3Gfwmqs17bElSg/dti=1/m=_b,_tp:468
[  140163ms] [LOG] %c%s font-size: 18px; Using this console may allow attackers to impersonate you and steal your information using an attack called Self-XSS.
Do not enter or paste code that you do not understand. @ https://www.gstatic.com/_/mss/boq-identity/_/js/k=boq-identity.AccountsSignInUi.en_US.llpEXSAT6Ik.es5.O/am=Kf4GAABCEUgGwP___zcAIACCaOB6FoAmEB0AAAAAAAAAALBAAAAaAQ/d=1/excm=_b,_tp,recoveryidentifierview/ed=1/dg=0/wt=2/ujg=1/rs=AOaEmlEoFXz-_VogyxyX3Gfwmqs17bElSg/dti=1/m=_b,_tp:468
[  147929ms] [VERBOSE] [DOM] Password field is not contained in a form: (More info: https://goo.gl/9p2vKq) %o @ https://accounts.google.com/v3/signin/challenge/pwd?TL=AIgtPP3EIPX3QGnkpZV1ElB8VR8_tWG0wsGiYtlsoKKx8Xu0d6NFk-w9vVFqksQD&checkConnection=youtube%3A526&checkedDomains=youtube&cid=2&continue=https%3A%2F%2Faccounts.google.com%2Fsignin%2Fchrome%2Fsync%2Ffinish%3Fest%3DAHmHvJ8Iypdiln53BOBpfAeoskSxs4NR2vofX4pyy6LuTncfMMt_1FyKvlpqHhLCy9D0lC4eMm4ycfYy1eDjRA%26continue%3Dhttps%3A%2F%2Fwww.google.com%2F&dsh=S1814775629%3A1776350747021253&flowName=GlifDesktopChromeSync&pstMsg=1&theme=mn:0
[  227769ms] [LOG] %c%s color: red; background: yellow; font-size: 24px; WARNING! @ https://www.gstatic.com/_/mss/boq-identity/_/js/k=boq-identity.AccountsSpeedbumpChangePasswordUi.en_US.saXNijRuErU.es5.O/am=j38AAIAADID__zcQRIP1DEAJBAAAAAAAAACAIQAAAg/d=1/excm=_b,_tp,changepasswordnudgeview/ed=1/dg=0/wt=2/ujg=1/rs=AOaEmlF6Ah2KMkdmIZyZnwcz70s_LaNKzw/dti=1/m=_b,_tp:426
[  227769ms] [LOG] %c%s font-size: 18px; Using this console may allow attackers to impersonate you and steal your information using an attack called Self-XSS.
Do not enter or paste code that you do not understand. @ https://www.gstatic.com/_/mss/boq-identity/_/js/k=boq-identity.AccountsSpeedbumpChangePasswordUi.en_US.saXNijRuErU.es5.O/am=j38AAIAADID__zcQRIP1DEAJBAAAAAAAAACAIQAAAg/d=1/excm=_b,_tp,changepasswordnudgeview/ed=1/dg=0/wt=2/ujg=1/rs=AOaEmlF6Ah2KMkdmIZyZnwcz70s_LaNKzw/dti=1/m=_b,_tp:426
[  269790ms] [ERROR] Failed to load resource: the server responded with a status of 401 () @ https://accounts.google.com/v3/signin/_/AccountsSpeedbumpChangePasswordUi/data/batchexecute?rpcids=bxToCd&source-path=%2Fv3%2Fsignin%2Fspeedbump%2Fchangepassword%2Fchangepasswordnudge&f.sid=8322935186697741850&bl=boq_identityfrontendauthuiserver_20260407.05_p0&hl=en-US&TL=AIgtPP3EIPX3QGnkpZV1ElB8VR8_tWG0wsGiYtlsoKKx8Xu0d6NFk-w9vVFqksQD&_reqid=356979&rt=c:0
[  270138ms] [ERROR] Failed to load resource: the server responded with a status of 401 () @ https://accounts.google.com/v3/signin/_/AccountsSpeedbumpChangePasswordUi/data/batchexecute?rpcids=CJIyce%2CQDDgIe&source-path=%2Fv3%2Fsignin%2Fspeedbump%2Fchangepassword%2Fchangepasswordform&f.sid=8322935186697741850&bl=boq_identityfrontendauthuiserver_20260407.05_p0&hl=en-US&TL=AIgtPP3EIPX3QGnkpZV1ElB8VR8_tWG0wsGiYtlsoKKx8Xu0d6NFk-w9vVFqksQD&_reqid=456979&rt=c:0
[  279668ms] [ERROR] Failed to load resource: the server responded with a status of 401 () @ https://accounts.google.com/v3/signin/_/AccountsSpeedbumpChangePasswordUi/data/batchexecute?rpcids=hFpLvd&source-path=%2Fv3%2Fsignin%2Fspeedbump%2Fchangepassword%2Fchangepasswordnudge&f.sid=8322935186697741850&bl=boq_identityfrontendauthuiserver_20260407.05_p0&hl=en-US&TL=AIgtPP3EIPX3QGnkpZV1ElB8VR8_tWG0wsGiYtlsoKKx8Xu0d6NFk-w9vVFqksQD&_reqid=556979&rt=c:0
[  281260ms] [LOG] %c%s color: red; background: yellow; font-size: 24px; WARNING! @ https://www.gstatic.com/_/mss/boq-identity/_/js/k=boq-identity.AccountsSignInUi.en.x3DljreikNs.es5.O/am=Kf4GAABCEUgGwP___zcAIACCaOB6FoAmEB0AAAAAAAAAALBAAAAaAQ/d=1/excm=_b,_tp,unknownerrorview/ed=1/dg=0/wt=2/ujg=1/rs=AOaEmlG0lZuuRQIadPYjuOxXgVh_WjUTkw/dti=1/m=_b,_tp:468
[  281260ms] [LOG] %c%s font-size: 18px; Using this console may allow attackers to impersonate you and steal your information using an attack called Self-XSS.
Do not enter or paste code that you do not understand. @ https://www.gstatic.com/_/mss/boq-identity/_/js/k=boq-identity.AccountsSignInUi.en.x3DljreikNs.es5.O/am=Kf4GAABCEUgGwP___zcAIACCaOB6FoAmEB0AAAAAAAAAALBAAAAaAQ/d=1/excm=_b,_tp,unknownerrorview/ed=1/dg=0/wt=2/ujg=1/rs=AOaEmlG0lZuuRQIadPYjuOxXgVh_WjUTkw/dti=1/m=_b,_tp:468
[  287899ms] [VERBOSE] [DOM] Password field is not contained in a form: (More info: https://goo.gl/9p2vKq) %o @ https://accounts.google.com/v3/signin/identifier?checkedDomains=youtube&continue=https://accounts.google.com/signin/chrome/sync/finish?est%3DAHmHvJ8A4ut3TsTxEL99QOeCGc5dyBmFcFJoQ69H6ijZoly17V8BO8wp5cPtJrwwzDJXOOdY-UiueG5PwoB8HGQ%26continue%3Dhttps://accounts.google.com/signin/chrome/sync/finish?est%253DAHmHvJ8Iypdiln53BOBpfAeoskSxs4NR2vofX4pyy6LuTncfMMt_1FyKvlpqHhLCy9D0lC4eMm4ycfYy1eDjRA%2526continue%253Dhttps://www.google.com/&flowName=GlifDesktopChromeSync&pstMsg=1&theme=mn&dsh=S1864614718:1776351034463030:0
[  287901ms] [LOG] %c%s color: red; background: yellow; font-size: 24px; WARNING! @ https://www.gstatic.com/_/mss/boq-identity/_/js/k=boq-identity.AccountsSignInUi.en.x3DljreikNs.es5.O/am=Kf4GAABCEUgGwP___zcAIACCaOB6FoAmEB0AAAAAAAAAALBAAAAaAQ/d=1/excm=_b,_tp,identifierview/ed=1/dg=0/wt=2/ujg=1/rs=AOaEmlG0lZuuRQIadPYjuOxXgVh_WjUTkw/dti=1/m=_b,_tp:468
[  287901ms] [LOG] %c%s font-size: 18px; Using this console may allow attackers to impersonate you and steal your information using an attack called Self-XSS.
Do not enter or paste code that you do not understand. @ https://www.gstatic.com/_/mss/boq-identity/_/js/k=boq-identity.AccountsSignInUi.en.x3DljreikNs.es5.O/am=Kf4GAABCEUgGwP___zcAIACCaOB6FoAmEB0AAAAAAAAAALBAAAAaAQ/d=1/excm=_b,_tp,identifierview/ed=1/dg=0/wt=2/ujg=1/rs=AOaEmlG0lZuuRQIadPYjuOxXgVh_WjUTkw/dti=1/m=_b,_tp:468
[  294824ms] [VERBOSE] [DOM] Password field is not contained in a form: (More info: https://goo.gl/9p2vKq) %o @ https://accounts.google.com/v3/signin/identifier?checkedDomains=youtube&continue=https://accounts.google.com/signin/chrome/sync/finish?est%3DAHmHvJ8A4ut3TsTxEL99QOeCGc5dyBmFcFJoQ69H6ijZoly17V8BO8wp5cPtJrwwzDJXOOdY-UiueG5PwoB8HGQ%26continue%3Dhttps://accounts.google.com/signin/chrome/sync/finish?est%253DAHmHvJ8Iypdiln53BOBpfAeoskSxs4NR2vofX4pyy6LuTncfMMt_1FyKvlpqHhLCy9D0lC4eMm4ycfYy1eDjRA%2526continue%253Dhttps://www.google.com/&flowName=GlifDesktopChromeSync&pstMsg=1&theme=mn&dsh=S1864614718:1776351034463030:0
[  294828ms] [LOG] %c%s color: red; background: yellow; font-size: 24px; WARNING! @ https://www.gstatic.com/_/mss/boq-identity/_/js/k=boq-identity.AccountsSignInUi.en.x3DljreikNs.es5.O/am=Kf4GAABCEUgGwP___zcAIACCaOB6FoAmEB0AAAAAAAAAALBAAAAaAQ/d=1/excm=_b,_tp,identifierview/ed=1/dg=0/wt=2/ujg=1/rs=AOaEmlG0lZuuRQIadPYjuOxXgVh_WjUTkw/dti=1/m=_b,_tp:468
[  294828ms] [LOG] %c%s font-size: 18px; Using this console may allow attackers to impersonate you and steal your information using an attack called Self-XSS.
Do not enter or paste code that you do not understand. @ https://www.gstatic.com/_/mss/boq-identity/_/js/k=boq-identity.AccountsSignInUi.en.x3DljreikNs.es5.O/am=Kf4GAABCEUgGwP___zcAIACCaOB6FoAmEB0AAAAAAAAAALBAAAAaAQ/d=1/excm=_b,_tp,identifierview/ed=1/dg=0/wt=2/ujg=1/rs=AOaEmlG0lZuuRQIadPYjuOxXgVh_WjUTkw/dti=1/m=_b,_tp:468
[  377863ms] [VERBOSE] [DOM] Password field is not contained in a form: (More info: https://goo.gl/9p2vKq) %o @ https://accounts.google.com/v3/signin/challenge/pwd?TL=AIgtPP0hTDoedIbOQNOrbPhH3Y2g7EOAbVqdR29Qa5W-uL2crxHoEukQSjybgGXC&checkConnection=youtube%3A196&checkedDomains=youtube&cid=2&continue=https%3A%2F%2Faccounts.google.com%2Fsignin%2Fchrome%2Fsync%2Ffinish%3Fest%3DAHmHvJ8A4ut3TsTxEL99QOeCGc5dyBmFcFJoQ69H6ijZoly17V8BO8wp5cPtJrwwzDJXOOdY-UiueG5PwoB8HGQ%26continue%3Dhttps%3A%2F%2Faccounts.google.com%2Fsignin%2Fchrome%2Fsync%2Ffinish%3Fest%253DAHmHvJ8Iypdiln53BOBpfAeoskSxs4NR2vofX4pyy6LuTncfMMt_1FyKvlpqHhLCy9D0lC4eMm4ycfYy1eDjRA%2526continue%253Dhttps%3A%2F%2Fwww.google.com%2F&dsh=S1864614718%3A1776351034463030&flowName=GlifDesktopChromeSync&pstMsg=1&theme=mn:0
[  441962ms] [LOG] %c%s color: red; background: yellow; font-size: 24px; WARNING! @ https://www.gstatic.com/_/mss/boq-identity/_/js/k=boq-identity.AccountsSpeedbumpChangePasswordUi.en.2dvmJFbERjc.es5.O/am=j38AAIAADID__zcQRIP1DEAJBAAAAAAAAACAIQAAAg/d=1/excm=_b,_tp,changepasswordnudgeview/ed=1/dg=0/wt=2/ujg=1/rs=AOaEmlHrKZ2ypdUBOuSWxcS4oXlBQAtqvw/dti=1/m=_b,_tp:426
[  441962ms] [LOG] %c%s font-size: 18px; Using this console may allow attackers to impersonate you and steal your information using an attack called Self-XSS.
Do not enter or paste code that you do not understand. @ https://www.gstatic.com/_/mss/boq-identity/_/js/k=boq-identity.AccountsSpeedbumpChangePasswordUi.en.2dvmJFbERjc.es5.O/am=j38AAIAADID__zcQRIP1DEAJBAAAAAAAAACAIQAAAg/d=1/excm=_b,_tp,changepasswordnudgeview/ed=1/dg=0/wt=2/ujg=1/rs=AOaEmlHrKZ2ypdUBOuSWxcS4oXlBQAtqvw/dti=1/m=_b,_tp:426
[ 1980326ms] [ERROR] Failed to load resource: net::ERR_FAILED @ chrome-extension://invalid/:0
[ 1981239ms] Error: DOCS_initialLoadTiming is not defined.
    at https://docs.google.com/document/u/0/?pli=1:243:213
[ 1981540ms] Error: DOCS_initialLoadTiming is not defined.
    at https://docs.google.com/document/u/0/preload?pli=1:20:864
[ 1981959ms] [ERROR] Failed to load resource: net::ERR_FAILED @ chrome-extension://invalid/:0
[ 1982163ms] [ERROR] Failed to load resource: net::ERR_FAILED @ chrome-extension://invalid/:0
[ 1982202ms] [ERROR] Failed to load resource: net::ERR_FAILED @ chrome-extension://invalid/:0
[ 1982203ms] [ERROR] Failed to load resource: net::ERR_FAILED @ chrome-extension://invalid/:0
[ 1986502ms] [INFO] Slow network is detected. See https://www.chromestatus.com/feature/5636954674692096 for more details. Fallback font will be used while loading: https://fonts.gstatic.com/s/roboto/v18/KFOlCnqEu92Fr1MmEU9fBBc4AMP6lQ.woff2 @ https://ogs.google.com/u/0/widget/app?awwd=1&gpa=3&em=2&dpi=72175901&origin=https%3A%2F%2Fdocs.google.com&cn=app&pid=25&spid=25&hl=en:28
[ 1986502ms] [INFO] Slow network is detected. See https://www.chromestatus.com/feature/5636954674692096 for more details. Fallback font will be used while loading: https://fonts.gstatic.com/s/roboto/v18/KFOmCnqEu92Fr1Mu4mxKKTU1Kg.woff2 @ https://ogs.google.com/u/0/widget/app?awwd=1&gpa=3&em=2&dpi=72175901&origin=https%3A%2F%2Fdocs.google.com&cn=app&pid=25&spid=25&hl=en:28
[ 1986502ms] [INFO] Slow network is detected. See https://www.chromestatus.com/feature/5636954674692096 for more details. Fallback font will be used while loading: https://fonts.gstatic.com/s/googlesans/v62/4UaRrENHsxJlGDuGo1OIlJfC6l_24rlCK1Yo_Iq2vgCIhM907w.woff2 @ https://ogs.google.com/u/0/widget/app?awwd=1&gpa=3&em=2&dpi=72175901&origin=https%3A%2F%2Fdocs.google.com&cn=app&pid=25&spid=25&hl=en:28
[22136678ms] [ERROR] Failed to load resource: net::ERR_CONNECTION_CLOSED @ https://ssl.gstatic.com/docs/common/cleardot.gif?zx=dpq3g8rnkt2s:0
[40531025ms] [ERROR] Failed to load resource: the server responded with a status of 400 () @ https://signaler-pa.clients6.google.com/punctual/multi-watch/channel?VER=8&gsessionid=gULv9u0OCotds2JSBEetd7hqDgv50FcrFfUcaG0Zw_4&key=AIzaSyAWGrfCCr7albM3lmCc937gx4uIphbpeKQ&SID=SMOB9Iuo2y6tG4fG0xEXDw&RID=39550&TYPE=terminate&zx=9m0bmj4167d9:0
[50934555ms] [ERROR] Failed to load resource: the server responded with a status of 400 () @ https://signaler-pa.clients6.google.com/punctual/multi-watch/channel?VER=8&gsessionid=0PSrqQVkONICyyBBtlqQvImVw-KLBzCv1l9Pt1NJMPI&key=AIzaSyAWGrfCCr7albM3lmCc937gx4uIphbpeKQ&SID=sdz7aW5sjUAuTXsPehbnIA&RID=47326&TYPE=terminate&zx=mxzh4sd4y6pi:0
[62026035ms] [ERROR] Failed to load resource: net::ERR_CONNECTION_CLOSED @ https://ssl.gstatic.com/docs/common/netcheck.gif?zx=ugweux70u2sk:0
[65682890ms] [ERROR] Failed to load resource: net::ERR_CONNECTION_CLOSED @ https://ssl.gstatic.com/docs/common/netcheck.gif?zx=s8rd9tq2ckui:0
