[      -6ms] [ERROR] Failed to load resource: the server responded with a status of 403 () @ https://www.figma.com/design/d3ryvDPdEhVlH8WqHlbKB5OT/PayDay_Design_version-1.0?node-id=0-5794&t=twhInDStw3Bkusxp-1:0
[      90ms] [LOG] Running frontend commit e13076fc0bca40e477d600c2c69f92d155b161da @ https://www.figma.com/design/d3ryvDPdEhVlH8WqHlbKB5OT/PayDay_Design_version-1.0?node-id=0-5794&t=twhInDStw3Bkusxp-1:448
[    1312ms] [INFO] Slow network is detected. See https://www.chromestatus.com/feature/5636954674692096 for more details. Fallback font will be used while loading: https://static.figma.com/webfont/1/Figma-Standard-Text-Medium.woff2 @ https://www.figma.com/webpack-artifacts/assets/request_permissions-3500454263ad3b7e.min.js.br:566
[    1312ms] [INFO] Slow network is detected. See https://www.chromestatus.com/feature/5636954674692096 for more details. Fallback font will be used while loading: https://static.figma.com/webfont/1/Figma-Standard-Text-Light.woff2 @ https://www.figma.com/webpack-artifacts/assets/request_permissions-3500454263ad3b7e.min.js.br:566
[    1312ms] [INFO] Slow network is detected. See https://www.chromestatus.com/feature/5636954674692096 for more details. Fallback font will be used while loading: https://static.figma.com/webfont/1/Figma-Mono-Regular.woff2 @ https://www.figma.com/webpack-artifacts/assets/request_permissions-3500454263ad3b7e.min.js.br:566
[    1326ms] [WARNING] Failed to execute 'postMessage' on 'DOMWindow': The target origin provided ('https://marketing.figma.com') does not match the recipient window's origin ('https://www.figma.com'). @ https://www.figma.com/webpack-artifacts/assets/request_permissions-3500454263ad3b7e.min.js.br:518
[    1326ms] [WARNING] Failed to execute 'postMessage' on 'DOMWindow': The target origin provided ('https://marketing.figma.com') does not match the recipient window's origin ('https://www.figma.com'). @ https://www.figma.com/webpack-artifacts/assets/request_permissions-3500454263ad3b7e.min.js.br:518
[    1326ms] [WARNING] Failed to execute 'postMessage' on 'DOMWindow': The target origin provided ('https://marketing.figma.com') does not match the recipient window's origin ('https://www.figma.com'). @ https://www.figma.com/webpack-artifacts/assets/request_permissions-3500454263ad3b7e.min.js.br:518
[    1326ms] [WARNING] Failed to execute 'postMessage' on 'DOMWindow': The target origin provided ('https://marketing.figma.com') does not match the recipient window's origin ('https://www.figma.com'). @ https://www.figma.com/webpack-artifacts/assets/request_permissions-3500454263ad3b7e.min.js.br:518
[    1327ms] [WARNING] Failed to execute 'postMessage' on 'DOMWindow': The target origin provided ('https://marketing.figma.com') does not match the recipient window's origin ('https://www.figma.com'). @ https://www.figma.com/webpack-artifacts/assets/request_permissions-3500454263ad3b7e.min.js.br:518
[    1327ms] [WARNING] Failed to execute 'postMessage' on 'DOMWindow': The target origin provided ('https://marketing.figma.com') does not match the recipient window's origin ('https://www.figma.com'). @ https://www.figma.com/webpack-artifacts/assets/request_permissions-3500454263ad3b7e.min.js.br:518
[    1327ms] [WARNING] Failed to execute 'postMessage' on 'DOMWindow': The target origin provided ('https://marketing.figma.com') does not match the recipient window's origin ('https://www.figma.com'). @ https://www.figma.com/webpack-artifacts/assets/request_permissions-3500454263ad3b7e.min.js.br:518
[    4263ms] [ERROR] Attestation check for Attribution Reporting on https://www.facebook.com failed. @ https://www.figma.com/design/d3ryvDPdEhVlH8WqHlbKB5OT/PayDay_Design_version-1.0?node-id=0-5794&t=twhInDStw3Bkusxp-1:0
[ 2061686ms] [ERROR] Failed to load resource: the server responded with a status of 403 () @ https://www.figma.com/design/d3ryvDPdEhVlH8WqHlbKB5OT/PayDay_Design_version-1.0?node-id=0-5794&t=twhInDStw3Bkusxp-1:0
[ 2061739ms] [LOG] Running frontend commit e13076fc0bca40e477d600c2c69f92d155b161da @ https://www.figma.com/design/d3ryvDPdEhVlH8WqHlbKB5OT/PayDay_Design_version-1.0?node-id=0-5794&t=twhInDStw3Bkusxp-1:450
[ 2065540ms] [WARNING] The resource https://www.figma.com/api/user/state?fuid=941744220736188671 was preloaded using link preload but not used within a few seconds from the window's load event. Please make sure it has an appropriate `as` value and it is preloaded intentionally. @ https://www.figma.com/design/d3ryvDPdEhVlH8WqHlbKB5OT/PayDay_Design_version-1.0?node-id=0-5794&t=twhInDStw3Bkusxp-1:0
[ 2065540ms] [WARNING] The resource https://www.figma.com/api/session/state?fuid=941744220736188671 was preloaded using link preload but not used within a few seconds from the window's load event. Please make sure it has an appropriate `as` value and it is preloaded intentionally. @ https://www.figma.com/design/d3ryvDPdEhVlH8WqHlbKB5OT/PayDay_Design_version-1.0?node-id=0-5794&t=twhInDStw3Bkusxp-1:0
[ 2070756ms] [WARNING] The resource https://www.figma.com/api/user/state?fuid=941744220736188671 was preloaded using link preload but not used within a few seconds from the window's load event. Please make sure it has an appropriate `as` value and it is preloaded intentionally. @ https://www.figma.com/design/d3ryvDPdEhVlH8WqHlbKB5OT/PayDay_Design_version-1.0?node-id=0-5794&t=twhInDStw3Bkusxp-1:0
[ 2070756ms] [WARNING] The resource https://www.figma.com/api/session/state?fuid=941744220736188671 was preloaded using link preload but not used within a few seconds from the window's load event. Please make sure it has an appropriate `as` value and it is preloaded intentionally. @ https://www.figma.com/design/d3ryvDPdEhVlH8WqHlbKB5OT/PayDay_Design_version-1.0?node-id=0-5794&t=twhInDStw3Bkusxp-1:0
[ 2075814ms] [WARNING] The resource https://www.figma.com/api/user/state?fuid=941744220736188671 was preloaded using link preload but not used within a few seconds from the window's load event. Please make sure it has an appropriate `as` value and it is preloaded intentionally. @ https://www.figma.com/design/d3ryvDPdEhVlH8WqHlbKB5OT/PayDay_Design_version-1.0?node-id=0-5794&t=twhInDStw3Bkusxp-1:0
[ 2075814ms] [WARNING] The resource https://www.figma.com/api/session/state?fuid=941744220736188671 was preloaded using link preload but not used within a few seconds from the window's load event. Please make sure it has an appropriate `as` value and it is preloaded intentionally. @ https://www.figma.com/design/d3ryvDPdEhVlH8WqHlbKB5OT/PayDay_Design_version-1.0?node-id=0-5794&t=twhInDStw3Bkusxp-1:0
[ 2130739ms] [WARNING] The resource https://www.figma.com/api/user/state?fuid=941744220736188671 was preloaded using link preload but not used within a few seconds from the window's load event. Please make sure it has an appropriate `as` value and it is preloaded intentionally. @ https://www.figma.com/design/d3ryvDPdEhVlH8WqHlbKB5OT/PayDay_Design_version-1.0?node-id=0-5794&t=twhInDStw3Bkusxp-1:0
[ 2130739ms] [WARNING] The resource https://www.figma.com/api/session/state?fuid=941744220736188671 was preloaded using link preload but not used within a few seconds from the window's load event. Please make sure it has an appropriate `as` value and it is preloaded intentionally. @ https://www.figma.com/design/d3ryvDPdEhVlH8WqHlbKB5OT/PayDay_Design_version-1.0?node-id=0-5794&t=twhInDStw3Bkusxp-1:0
[ 2135823ms] [WARNING] The resource https://www.figma.com/api/user/state?fuid=941744220736188671 was preloaded using link preload but not used within a few seconds from the window's load event. Please make sure it has an appropriate `as` value and it is preloaded intentionally. @ https://www.figma.com/design/d3ryvDPdEhVlH8WqHlbKB5OT/PayDay_Design_version-1.0?node-id=0-5794&t=twhInDStw3Bkusxp-1:0
[ 2135823ms] [WARNING] The resource https://www.figma.com/api/session/state?fuid=941744220736188671 was preloaded using link preload but not used within a few seconds from the window's load event. Please make sure it has an appropriate `as` value and it is preloaded intentionally. @ https://www.figma.com/design/d3ryvDPdEhVlH8WqHlbKB5OT/PayDay_Design_version-1.0?node-id=0-5794&t=twhInDStw3Bkusxp-1:0
[ 2186306ms] [WARNING] The resource https://www.figma.com/api/user/state?fuid=941744220736188671 was preloaded using link preload but not used within a few seconds from the window's load event. Please make sure it has an appropriate `as` value and it is preloaded intentionally. @ https://www.figma.com/design/d3ryvDPdEhVlH8WqHlbKB5OT/PayDay_Design_version-1.0?node-id=0-5794&t=twhInDStw3Bkusxp-1:0
[ 2186306ms] [WARNING] The resource https://www.figma.com/api/session/state?fuid=941744220736188671 was preloaded using link preload but not used within a few seconds from the window's load event. Please make sure it has an appropriate `as` value and it is preloaded intentionally. @ https://www.figma.com/design/d3ryvDPdEhVlH8WqHlbKB5OT/PayDay_Design_version-1.0?node-id=0-5794&t=twhInDStw3Bkusxp-1:0
[ 2188960ms] [LOG] Running frontend commit e13076fc0bca40e477d600c2c69f92d155b161da @ https://www.figma.com/design/d3ryvDPdEhVlH8WqHlbKB5OT/PayDay_Design_version-1.0?node-id=0-5794&t=twhInDStw3Bkusxp-1:583
[ 2189435ms] [WARNING] Statsig is not ready to log exposures, will retry in 1 seconds @ https://www.figma.com/webpack-artifacts/assets/vendor-core-34edd2c749031eb9.min.js.br:53
[ 2189476ms] [LOG] Loaded 170 scripts (10263404b), 170 from cache (10263404b) @ https://www.figma.com/webpack-artifacts/assets/vendor-core-34edd2c749031eb9.min.js.br:53
[ 2189577ms] [LOG] [import] git: e13076fc0bca40e477d600c2c69f92d155b161da, stamp: 7AD68800CAF98504 @ https://www.figma.com/webpack-artifacts/assets/vendor-core-34edd2c749031eb9.min.js.br:53
[ 2189737ms] [ERROR] Failed to load resource: net::ERR_FAILED @ chrome-extension://invalid/:0
[ 2189743ms] [INFO] Autosave Changes not available or already claimed by another tab undefined @ https://www.figma.com/webpack-artifacts/assets/vendor-core-34edd2c749031eb9.min.js.br:53
[ 2190318ms] [INFO] [Fullscreen] Booting... (emscripten version 4.0.21) @ https://www.figma.com/webpack-artifacts/assets/vendor-core-34edd2c749031eb9.min.js.br:53
[ 2190335ms] [INFO] [GPU] graphicsAPI:"WebGPU", vendor:"Google Inc. (Apple)" renderer:"ANGLE (Apple, ANGLE Metal Renderer: Apple M3 Pro, Unspecified Version)" deviceArchitecture:"metal-3" deviceDescription:"" webGPUDevice:"" webGPUVendor:"apple" bindings:"emdawnwebgpu" @ https://www.figma.com/webpack-artifacts/assets/vendor-core-34edd2c749031eb9.min.js.br:53
[ 2190336ms] [LOG] [Fullscreen] Ready in 33.8ms @ https://www.figma.com/webpack-artifacts/assets/vendor-core-34edd2c749031eb9.min.js.br:53
[ 2190397ms] [INFO] [FullscreenApp] calling setEditorTheme and setting preference light @ https://www.figma.com/webpack-artifacts/assets/vendor-core-34edd2c749031eb9.min.js.br:53
[ 2190404ms] [INFO] [MultiplayerSession] connecting to wss://www.figma.com/api/multiplayer/d3ryvDPdEhVlH8WqHlbKB5OT?role=editor&tracking_session_id=HE4c2H0OMvpWagpj&version=151&recentReload=0&file-load-streaming-compression=&scenegraph-queries-initial-nodes=0%3A5794&user-id=1090649483460597189&client_release=e13076fc0bca40e477d600c2c69f92d155b161da&force-dpl-journaled-reconnect=1 @ https://www.figma.com/webpack-artifacts/assets/vendor-core-34edd2c749031eb9.min.js.br:53
[ 2190405ms] [INFO] [FullscreenApp] calling setEditorTheme and setting preference light @ https://www.figma.com/webpack-artifacts/assets/vendor-core-34edd2c749031eb9.min.js.br:53
[ 2191224ms] [INFO] [Sprigma] Sprig SDK is ready @ https://www.figma.com/webpack-artifacts/assets/vendor-core-34edd2c749031eb9.min.js.br:53
[ 2192799ms] [INFO] [MultiplayerSession] Joining file version 106 (initial load) @ https://www.figma.com/webpack-artifacts/assets/vendor-core-34edd2c749031eb9.min.js.br:53
[ 2193143ms] [LOG] Migration succeeded: context: fullscreen_migrate_SceneGraphManager, version: 106, duration: 0ms. @ https://www.figma.com/webpack-artifacts/assets/vendor-core-34edd2c749031eb9.min.js.br:53
[ 2193930ms] [WARNING] Canvas2D: Multiple readback operations using getImageData are faster with the willReadFrequently attribute set to true. See: https://html.spec.whatwg.org/multipage/canvas.html#concept-canvas-will-read-frequently @ https://static.figma.com/fullscreen/2595c8e8be92df58cf7a7a59b7dbf6edbd8afba0/fullscreen-harfbuzz-12-3-0/compiled_wasm.js.br:1
[ 2193951ms] [WARNING] Canvas2D: Multiple readback operations using getImageData are faster with the willReadFrequently attribute set to true. See: https://html.spec.whatwg.org/multipage/canvas.html#concept-canvas-will-read-frequently @ https://static.figma.com/fullscreen/2595c8e8be92df58cf7a7a59b7dbf6edbd8afba0/fullscreen-harfbuzz-12-3-0/compiled_wasm.js.br:1
[ 2193958ms] [INFO] afterJoinEnd PageSyncing: Loaded incrementally {loaded_pages: 0:5794} @ https://www.figma.com/webpack-artifacts/assets/vendor-core-34edd2c749031eb9.min.js.br:53
[ 2194889ms] [LOG] [Fullscreen] loadtime=7.00s maxmem=63667632 @ https://www.figma.com/webpack-artifacts/assets/vendor-core-34edd2c749031eb9.min.js.br:53
[ 5791617ms] [LOG] [Livegraph] Connection closed. Code: 4001, reason: connection_lifetime @ https://www.figma.com/webpack-artifacts/assets/vendor-core-34edd2c749031eb9.min.js.br:53
[ 7031601ms] [INFO] [MultiplayerSession] connecting to wss://www.figma.com/api/multiplayer/d3ryvDPdEhVlH8WqHlbKB5OT?role=editor&tracking_session_id=HE4c2H0OMvpWagpj&version=151&recentReload=0&file-load-streaming-compression=&scenegraph-queries-initial-nodes=0%3A5794&user-id=1090649483460597189&client_release=e13076fc0bca40e477d600c2c69f92d155b161da&reconnect-key=257997c66a9d9ab4fee4d1520d6164ac14c4cf9b&reconnect-sequence-number=16942&initialFileVersion=106&previousLoadMode=incremental&incremental-loading-validation=0&force-dpl-journaled-reconnect=1 @ https://www.figma.com/webpack-artifacts/assets/vendor-core-34edd2c749031eb9.min.js.br:53
[ 7033707ms] [INFO] [MultiplayerSession] Joining file version 106 (skip_reload reconnect) @ https://www.figma.com/webpack-artifacts/assets/vendor-core-34edd2c749031eb9.min.js.br:53
[ 7033711ms] [INFO] afterJoinEnd PageSyncing: Loaded incrementally {loaded_pages: 0:5794} @ https://www.figma.com/webpack-artifacts/assets/vendor-core-34edd2c749031eb9.min.js.br:53
[ 8764906ms] [INFO] [MultiplayerSession] connecting to wss://www.figma.com/api/multiplayer/d3ryvDPdEhVlH8WqHlbKB5OT?role=editor&tracking_session_id=HE4c2H0OMvpWagpj&version=151&recentReload=0&file-load-streaming-compression=&scenegraph-queries-initial-nodes=0%3A5794&user-id=1090649483460597189&client_release=e13076fc0bca40e477d600c2c69f92d155b161da&reconnect-key=257997c66a9d9ab4fee4d1520d6164ac14c4cf9b&reconnect-sequence-number=16942&initialFileVersion=106&previousLoadMode=incremental&incremental-loading-validation=0&force-dpl-journaled-reconnect=1 @ https://www.figma.com/webpack-artifacts/assets/vendor-core-34edd2c749031eb9.min.js.br:53
[ 8767220ms] [INFO] [MultiplayerSession] Joining file version 106 (skip_reload reconnect) @ https://www.figma.com/webpack-artifacts/assets/vendor-core-34edd2c749031eb9.min.js.br:53
[ 8767222ms] [INFO] afterJoinEnd PageSyncing: Loaded incrementally {loaded_pages: 0:5794} @ https://www.figma.com/webpack-artifacts/assets/vendor-core-34edd2c749031eb9.min.js.br:53
[ 9422342ms] [LOG] [Livegraph] Connection closed. Code: 4001, reason: connection_lifetime @ https://www.figma.com/webpack-artifacts/assets/vendor-core-34edd2c749031eb9.min.js.br:53
[10044617ms] [INFO] [MultiplayerSession] connecting to wss://www.figma.com/api/multiplayer/d3ryvDPdEhVlH8WqHlbKB5OT?role=editor&tracking_session_id=HE4c2H0OMvpWagpj&version=151&recentReload=0&file-load-streaming-compression=&scenegraph-queries-initial-nodes=0%3A5794&user-id=1090649483460597189&client_release=e13076fc0bca40e477d600c2c69f92d155b161da&reconnect-key=257997c66a9d9ab4fee4d1520d6164ac14c4cf9b&reconnect-sequence-number=16942&initialFileVersion=106&previousLoadMode=incremental&incremental-loading-validation=0&force-dpl-journaled-reconnect=1 @ https://www.figma.com/webpack-artifacts/assets/vendor-core-34edd2c749031eb9.min.js.br:53
[10047320ms] [INFO] [MultiplayerSession] Joining file version 106 (skip_reload reconnect) @ https://www.figma.com/webpack-artifacts/assets/vendor-core-34edd2c749031eb9.min.js.br:53
[10047322ms] [INFO] afterJoinEnd PageSyncing: Loaded incrementally {loaded_pages: 0:5794} @ https://www.figma.com/webpack-artifacts/assets/vendor-core-34edd2c749031eb9.min.js.br:53
[10842370ms] [INFO] [MultiplayerSession] connecting to wss://www.figma.com/api/multiplayer/d3ryvDPdEhVlH8WqHlbKB5OT?role=editor&tracking_session_id=HE4c2H0OMvpWagpj&version=151&recentReload=0&file-load-streaming-compression=&scenegraph-queries-initial-nodes=0%3A5794&user-id=1090649483460597189&client_release=e13076fc0bca40e477d600c2c69f92d155b161da&reconnect-key=257997c66a9d9ab4fee4d1520d6164ac14c4cf9b&reconnect-sequence-number=16942&initialFileVersion=106&previousLoadMode=incremental&incremental-loading-validation=0&force-dpl-journaled-reconnect=1 @ https://www.figma.com/webpack-artifacts/assets/vendor-core-34edd2c749031eb9.min.js.br:53
[10844220ms] [INFO] [MultiplayerSession] Joining file version 106 (skip_reload reconnect) @ https://www.figma.com/webpack-artifacts/assets/vendor-core-34edd2c749031eb9.min.js.br:53
[10844221ms] [INFO] afterJoinEnd PageSyncing: Loaded incrementally {loaded_pages: 0:5794} @ https://www.figma.com/webpack-artifacts/assets/vendor-core-34edd2c749031eb9.min.js.br:53
[10962871ms] [INFO] [MultiplayerSession] connecting to wss://www.figma.com/api/multiplayer/d3ryvDPdEhVlH8WqHlbKB5OT?role=editor&tracking_session_id=HE4c2H0OMvpWagpj&version=151&recentReload=0&file-load-streaming-compression=&scenegraph-queries-initial-nodes=0%3A5794&user-id=1090649483460597189&client_release=e13076fc0bca40e477d600c2c69f92d155b161da&reconnect-key=257997c66a9d9ab4fee4d1520d6164ac14c4cf9b&reconnect-sequence-number=16942&initialFileVersion=106&previousLoadMode=incremental&incremental-loading-validation=0&force-dpl-journaled-reconnect=1 @ https://www.figma.com/webpack-artifacts/assets/vendor-core-34edd2c749031eb9.min.js.br:53
[10965088ms] [INFO] [MultiplayerSession] Joining file version 106 (skip_reload reconnect) @ https://www.figma.com/webpack-artifacts/assets/vendor-core-34edd2c749031eb9.min.js.br:53
[10965090ms] [INFO] afterJoinEnd PageSyncing: Loaded incrementally {loaded_pages: 0:5794} @ https://www.figma.com/webpack-artifacts/assets/vendor-core-34edd2c749031eb9.min.js.br:53
[13098581ms] [LOG] [Livegraph] Connection closed. Code: 4001, reason: connection_lifetime @ https://www.figma.com/webpack-artifacts/assets/vendor-core-34edd2c749031eb9.min.js.br:53
[13169259ms] [INFO] [MultiplayerSession] connecting to wss://www.figma.com/api/multiplayer/d3ryvDPdEhVlH8WqHlbKB5OT?role=editor&tracking_session_id=HE4c2H0OMvpWagpj&version=151&recentReload=0&file-load-streaming-compression=&scenegraph-queries-initial-nodes=0%3A5794&user-id=1090649483460597189&client_release=e13076fc0bca40e477d600c2c69f92d155b161da&reconnect-key=257997c66a9d9ab4fee4d1520d6164ac14c4cf9b&reconnect-sequence-number=16942&initialFileVersion=106&previousLoadMode=incremental&incremental-loading-validation=0&force-dpl-journaled-reconnect=1 @ https://www.figma.com/webpack-artifacts/assets/vendor-core-34edd2c749031eb9.min.js.br:53
[13170962ms] [INFO] [MultiplayerSession] Joining file version 106 (skip_reload reconnect) @ https://www.figma.com/webpack-artifacts/assets/vendor-core-34edd2c749031eb9.min.js.br:53
[13170963ms] [INFO] afterJoinEnd PageSyncing: Loaded incrementally {loaded_pages: 0:5794} @ https://www.figma.com/webpack-artifacts/assets/vendor-core-34edd2c749031eb9.min.js.br:53
[15118970ms] [INFO] [MultiplayerSession] connecting to wss://www.figma.com/api/multiplayer/d3ryvDPdEhVlH8WqHlbKB5OT?role=editor&tracking_session_id=HE4c2H0OMvpWagpj&version=151&recentReload=0&file-load-streaming-compression=&scenegraph-queries-initial-nodes=0%3A5794&user-id=1090649483460597189&client_release=e13076fc0bca40e477d600c2c69f92d155b161da&reconnect-key=257997c66a9d9ab4fee4d1520d6164ac14c4cf9b&reconnect-sequence-number=16942&initialFileVersion=106&previousLoadMode=incremental&incremental-loading-validation=0&force-dpl-journaled-reconnect=1 @ https://www.figma.com/webpack-artifacts/assets/vendor-core-34edd2c749031eb9.min.js.br:53
[15121230ms] [INFO] [MultiplayerSession] Joining file version 106 (skip_reload reconnect) @ https://www.figma.com/webpack-artifacts/assets/vendor-core-34edd2c749031eb9.min.js.br:53
[15121232ms] [INFO] afterJoinEnd PageSyncing: Loaded incrementally {loaded_pages: 0:5794} @ https://www.figma.com/webpack-artifacts/assets/vendor-core-34edd2c749031eb9.min.js.br:53
[15808706ms] [INFO] [MultiplayerSession] connecting to wss://www.figma.com/api/multiplayer/d3ryvDPdEhVlH8WqHlbKB5OT?role=editor&tracking_session_id=HE4c2H0OMvpWagpj&version=151&recentReload=0&file-load-streaming-compression=&scenegraph-queries-initial-nodes=0%3A5794&user-id=1090649483460597189&client_release=e13076fc0bca40e477d600c2c69f92d155b161da&reconnect-key=257997c66a9d9ab4fee4d1520d6164ac14c4cf9b&reconnect-sequence-number=16942&initialFileVersion=106&previousLoadMode=incremental&incremental-loading-validation=0&force-dpl-journaled-reconnect=1 @ https://www.figma.com/webpack-artifacts/assets/vendor-core-34edd2c749031eb9.min.js.br:53
[15810786ms] [INFO] [MultiplayerSession] Joining file version 106 (skip_reload reconnect) @ https://www.figma.com/webpack-artifacts/assets/vendor-core-34edd2c749031eb9.min.js.br:53
[15810787ms] [INFO] afterJoinEnd PageSyncing: Loaded incrementally {loaded_pages: 0:5794} @ https://www.figma.com/webpack-artifacts/assets/vendor-core-34edd2c749031eb9.min.js.br:53
[16945803ms] [LOG] [Livegraph] Connection closed. Code: 4001, reason: connection_lifetime @ https://www.figma.com/webpack-artifacts/assets/vendor-core-34edd2c749031eb9.min.js.br:53
[20568086ms] [LOG] [Livegraph] Connection closed. Code: 4001, reason: connection_lifetime @ https://www.figma.com/webpack-artifacts/assets/vendor-core-34edd2c749031eb9.min.js.br:53
[20723359ms] [LOG] [Livegraph] Connection closed. Code: 4001, reason: draining_start @ https://www.figma.com/webpack-artifacts/assets/vendor-core-34edd2c749031eb9.min.js.br:53
[24396468ms] [LOG] [Livegraph] Connection closed. Code: 4001, reason: connection_lifetime @ https://www.figma.com/webpack-artifacts/assets/vendor-core-34edd2c749031eb9.min.js.br:53
[25262305ms] [INFO] [MultiplayerSession] connecting to wss://www.figma.com/api/multiplayer/d3ryvDPdEhVlH8WqHlbKB5OT?role=editor&tracking_session_id=HE4c2H0OMvpWagpj&version=151&recentReload=0&file-load-streaming-compression=&scenegraph-queries-initial-nodes=0%3A5794&user-id=1090649483460597189&client_release=e13076fc0bca40e477d600c2c69f92d155b161da&reconnect-key=257997c66a9d9ab4fee4d1520d6164ac14c4cf9b&reconnect-sequence-number=16942&initialFileVersion=106&previousLoadMode=incremental&incremental-loading-validation=0&force-dpl-journaled-reconnect=1 @ https://www.figma.com/webpack-artifacts/assets/vendor-core-34edd2c749031eb9.min.js.br:53
[25264194ms] [INFO] [MultiplayerSession] Joining file version 106 (skip_reload reconnect) @ https://www.figma.com/webpack-artifacts/assets/vendor-core-34edd2c749031eb9.min.js.br:53
[25264197ms] [INFO] afterJoinEnd PageSyncing: Loaded incrementally {loaded_pages: 0:5794} @ https://www.figma.com/webpack-artifacts/assets/vendor-core-34edd2c749031eb9.min.js.br:53
[26643584ms] [INFO] [MultiplayerSession] connecting to wss://www.figma.com/api/multiplayer/d3ryvDPdEhVlH8WqHlbKB5OT?role=editor&tracking_session_id=HE4c2H0OMvpWagpj&version=151&recentReload=0&file-load-streaming-compression=&scenegraph-queries-initial-nodes=0%3A5794&user-id=1090649483460597189&client_release=e13076fc0bca40e477d600c2c69f92d155b161da&reconnect-key=257997c66a9d9ab4fee4d1520d6164ac14c4cf9b&reconnect-sequence-number=16942&initialFileVersion=106&previousLoadMode=incremental&incremental-loading-validation=0&force-dpl-journaled-reconnect=1 @ https://www.figma.com/webpack-artifacts/assets/vendor-core-34edd2c749031eb9.min.js.br:53
[26645608ms] [INFO] [MultiplayerSession] Joining file version 106 (skip_reload reconnect) @ https://www.figma.com/webpack-artifacts/assets/vendor-core-34edd2c749031eb9.min.js.br:53
[26645609ms] [INFO] afterJoinEnd PageSyncing: Loaded incrementally {loaded_pages: 0:5794} @ https://www.figma.com/webpack-artifacts/assets/vendor-core-34edd2c749031eb9.min.js.br:53
[26897593ms] [INFO] [MultiplayerSession] connecting to wss://www.figma.com/api/multiplayer/d3ryvDPdEhVlH8WqHlbKB5OT?role=editor&tracking_session_id=HE4c2H0OMvpWagpj&version=151&recentReload=0&file-load-streaming-compression=&scenegraph-queries-initial-nodes=0%3A5794&user-id=1090649483460597189&client_release=e13076fc0bca40e477d600c2c69f92d155b161da&reconnect-key=257997c66a9d9ab4fee4d1520d6164ac14c4cf9b&reconnect-sequence-number=16942&initialFileVersion=106&previousLoadMode=incremental&incremental-loading-validation=0&force-dpl-journaled-reconnect=1 @ https://www.figma.com/webpack-artifacts/assets/vendor-core-34edd2c749031eb9.min.js.br:53
[26899823ms] [INFO] [MultiplayerSession] Joining file version 106 (skip_reload reconnect) @ https://www.figma.com/webpack-artifacts/assets/vendor-core-34edd2c749031eb9.min.js.br:53
[26899825ms] [INFO] afterJoinEnd PageSyncing: Loaded incrementally {loaded_pages: 0:5794} @ https://www.figma.com/webpack-artifacts/assets/vendor-core-34edd2c749031eb9.min.js.br:53
[27879819ms] [INFO] [MultiplayerSession] connecting to wss://www.figma.com/api/multiplayer/d3ryvDPdEhVlH8WqHlbKB5OT?role=editor&tracking_session_id=HE4c2H0OMvpWagpj&version=151&recentReload=0&file-load-streaming-compression=&scenegraph-queries-initial-nodes=0%3A5794&user-id=1090649483460597189&client_release=e13076fc0bca40e477d600c2c69f92d155b161da&reconnect-key=257997c66a9d9ab4fee4d1520d6164ac14c4cf9b&reconnect-sequence-number=16942&initialFileVersion=106&previousLoadMode=incremental&incremental-loading-validation=0&force-dpl-journaled-reconnect=1 @ https://www.figma.com/webpack-artifacts/assets/vendor-core-34edd2c749031eb9.min.js.br:53
[27881939ms] [INFO] [MultiplayerSession] Joining file version 106 (skip_reload reconnect) @ https://www.figma.com/webpack-artifacts/assets/vendor-core-34edd2c749031eb9.min.js.br:53
[27881940ms] [INFO] afterJoinEnd PageSyncing: Loaded incrementally {loaded_pages: 0:5794} @ https://www.figma.com/webpack-artifacts/assets/vendor-core-34edd2c749031eb9.min.js.br:53
[28033548ms] [LOG] [Livegraph] Connection closed. Code: 4001, reason: connection_lifetime @ https://www.figma.com/webpack-artifacts/assets/vendor-core-34edd2c749031eb9.min.js.br:53
[28699066ms] [INFO] [MultiplayerSession] connecting to wss://www.figma.com/api/multiplayer/d3ryvDPdEhVlH8WqHlbKB5OT?role=editor&tracking_session_id=HE4c2H0OMvpWagpj&version=151&recentReload=0&file-load-streaming-compression=&scenegraph-queries-initial-nodes=0%3A5794&user-id=1090649483460597189&client_release=e13076fc0bca40e477d600c2c69f92d155b161da&reconnect-key=257997c66a9d9ab4fee4d1520d6164ac14c4cf9b&reconnect-sequence-number=16942&initialFileVersion=106&previousLoadMode=incremental&incremental-loading-validation=0&force-dpl-journaled-reconnect=1 @ https://www.figma.com/webpack-artifacts/assets/vendor-core-34edd2c749031eb9.min.js.br:53
[28702186ms] [INFO] [MultiplayerSession] Joining file version 106 (skip_reload reconnect) @ https://www.figma.com/webpack-artifacts/assets/vendor-core-34edd2c749031eb9.min.js.br:53
[28702188ms] [INFO] afterJoinEnd PageSyncing: Loaded incrementally {loaded_pages: 0:5794} @ https://www.figma.com/webpack-artifacts/assets/vendor-core-34edd2c749031eb9.min.js.br:53
[31043377ms] [INFO] [MultiplayerSession] connecting to wss://www.figma.com/api/multiplayer/d3ryvDPdEhVlH8WqHlbKB5OT?role=editor&tracking_session_id=HE4c2H0OMvpWagpj&version=151&recentReload=0&file-load-streaming-compression=&scenegraph-queries-initial-nodes=0%3A5794&user-id=1090649483460597189&client_release=e13076fc0bca40e477d600c2c69f92d155b161da&reconnect-key=257997c66a9d9ab4fee4d1520d6164ac14c4cf9b&reconnect-sequence-number=16942&initialFileVersion=106&previousLoadMode=incremental&incremental-loading-validation=0&force-dpl-journaled-reconnect=1 @ https://www.figma.com/webpack-artifacts/assets/vendor-core-34edd2c749031eb9.min.js.br:53
[31045367ms] [INFO] [MultiplayerSession] Joining file version 106 (skip_reload reconnect) @ https://www.figma.com/webpack-artifacts/assets/vendor-core-34edd2c749031eb9.min.js.br:53
[31045368ms] [INFO] afterJoinEnd PageSyncing: Loaded incrementally {loaded_pages: 0:5794} @ https://www.figma.com/webpack-artifacts/assets/vendor-core-34edd2c749031eb9.min.js.br:53
[31812740ms] [LOG] [Livegraph] Connection closed. Code: 4001, reason: connection_lifetime @ https://www.figma.com/webpack-artifacts/assets/vendor-core-34edd2c749031eb9.min.js.br:53
[32185309ms] [INFO] [MultiplayerSession] connecting to wss://www.figma.com/api/multiplayer/d3ryvDPdEhVlH8WqHlbKB5OT?role=editor&tracking_session_id=HE4c2H0OMvpWagpj&version=151&recentReload=0&file-load-streaming-compression=&scenegraph-queries-initial-nodes=0%3A5794&user-id=1090649483460597189&client_release=e13076fc0bca40e477d600c2c69f92d155b161da&reconnect-key=257997c66a9d9ab4fee4d1520d6164ac14c4cf9b&reconnect-sequence-number=16942&initialFileVersion=106&previousLoadMode=incremental&incremental-loading-validation=0&force-dpl-journaled-reconnect=1 @ https://www.figma.com/webpack-artifacts/assets/vendor-core-34edd2c749031eb9.min.js.br:53
[32187057ms] [INFO] [MultiplayerSession] Joining file version 106 (skip_reload reconnect) @ https://www.figma.com/webpack-artifacts/assets/vendor-core-34edd2c749031eb9.min.js.br:53
[32187059ms] [INFO] afterJoinEnd PageSyncing: Loaded incrementally {loaded_pages: 0:5794} @ https://www.figma.com/webpack-artifacts/assets/vendor-core-34edd2c749031eb9.min.js.br:53
[35471676ms] [LOG] [Livegraph] Connection closed. Code: 4001, reason: connection_lifetime @ https://www.figma.com/webpack-artifacts/assets/vendor-core-34edd2c749031eb9.min.js.br:53
[36094142ms] [INFO] [MultiplayerSession] connecting to wss://www.figma.com/api/multiplayer/d3ryvDPdEhVlH8WqHlbKB5OT?role=editor&tracking_session_id=HE4c2H0OMvpWagpj&version=151&recentReload=0&file-load-streaming-compression=&scenegraph-queries-initial-nodes=0%3A5794&user-id=1090649483460597189&client_release=e13076fc0bca40e477d600c2c69f92d155b161da&reconnect-key=257997c66a9d9ab4fee4d1520d6164ac14c4cf9b&reconnect-sequence-number=16942&initialFileVersion=106&previousLoadMode=incremental&incremental-loading-validation=0&force-dpl-journaled-reconnect=1 @ https://www.figma.com/webpack-artifacts/assets/vendor-core-34edd2c749031eb9.min.js.br:53
[36096158ms] [INFO] [MultiplayerSession] Joining file version 106 (skip_reload reconnect) @ https://www.figma.com/webpack-artifacts/assets/vendor-core-34edd2c749031eb9.min.js.br:53
[36096160ms] [INFO] afterJoinEnd PageSyncing: Loaded incrementally {loaded_pages: 0:5794} @ https://www.figma.com/webpack-artifacts/assets/vendor-core-34edd2c749031eb9.min.js.br:53
[39211160ms] [LOG] [Livegraph] Connection closed. Code: 4001, reason: connection_lifetime @ https://www.figma.com/webpack-artifacts/assets/vendor-core-34edd2c749031eb9.min.js.br:53
[40390242ms] [LOG] [Livegraph] Connection closed. Code: 1006, reason:  @ https://www.figma.com/webpack-artifacts/assets/vendor-core-34edd2c749031eb9.min.js.br:53
[40431872ms] [INFO] [MultiplayerSession] connecting to wss://www.figma.com/api/multiplayer/d3ryvDPdEhVlH8WqHlbKB5OT?role=editor&tracking_session_id=HE4c2H0OMvpWagpj&version=151&recentReload=0&file-load-streaming-compression=&scenegraph-queries-initial-nodes=0%3A5794&user-id=1090649483460597189&client_release=e13076fc0bca40e477d600c2c69f92d155b161da&reconnect-key=257997c66a9d9ab4fee4d1520d6164ac14c4cf9b&reconnect-sequence-number=16942&initialFileVersion=106&previousLoadMode=incremental&incremental-loading-validation=0&force-dpl-journaled-reconnect=1 @ https://www.figma.com/webpack-artifacts/assets/vendor-core-34edd2c749031eb9.min.js.br:53
[40433381ms] [INFO] [MultiplayerSession] Joining file version 106 (skip_reload reconnect) @ https://www.figma.com/webpack-artifacts/assets/vendor-core-34edd2c749031eb9.min.js.br:53
[40433384ms] [INFO] afterJoinEnd PageSyncing: Loaded incrementally {loaded_pages: 0:5794} @ https://www.figma.com/webpack-artifacts/assets/vendor-core-34edd2c749031eb9.min.js.br:53
[43125631ms] [LOG] [Livegraph] Connection closed. Code: 4001, reason: draining_start @ https://www.figma.com/webpack-artifacts/assets/vendor-core-34edd2c749031eb9.min.js.br:53
[43266057ms] [LOG] [Livegraph] Connection closed. Code: 4001, reason: draining_start @ https://www.figma.com/webpack-artifacts/assets/vendor-core-34edd2c749031eb9.min.js.br:53
[45341004ms] [INFO] [MultiplayerSession] connecting to wss://www.figma.com/api/multiplayer/d3ryvDPdEhVlH8WqHlbKB5OT?role=editor&tracking_session_id=HE4c2H0OMvpWagpj&version=151&recentReload=0&file-load-streaming-compression=&scenegraph-queries-initial-nodes=0%3A5794&user-id=1090649483460597189&client_release=e13076fc0bca40e477d600c2c69f92d155b161da&reconnect-key=257997c66a9d9ab4fee4d1520d6164ac14c4cf9b&reconnect-sequence-number=16942&initialFileVersion=106&previousLoadMode=incremental&incremental-loading-validation=0&force-dpl-journaled-reconnect=1 @ https://www.figma.com/webpack-artifacts/assets/vendor-core-34edd2c749031eb9.min.js.br:53
[45342662ms] [INFO] [MultiplayerSession] Joining file version 106 (skip_reload reconnect) @ https://www.figma.com/webpack-artifacts/assets/vendor-core-34edd2c749031eb9.min.js.br:53
[45342663ms] [INFO] afterJoinEnd PageSyncing: Loaded incrementally {loaded_pages: 0:5794} @ https://www.figma.com/webpack-artifacts/assets/vendor-core-34edd2c749031eb9.min.js.br:53
[46093561ms] [LOG] [Livegraph] Connection closed. Code: 1006, reason:  @ https://www.figma.com/webpack-artifacts/assets/vendor-core-34edd2c749031eb9.min.js.br:53
[47228481ms] [INFO] [MultiplayerSession] connecting to wss://www.figma.com/api/multiplayer/d3ryvDPdEhVlH8WqHlbKB5OT?role=editor&tracking_session_id=HE4c2H0OMvpWagpj&version=151&recentReload=0&file-load-streaming-compression=&scenegraph-queries-initial-nodes=0%3A5794&user-id=1090649483460597189&client_release=e13076fc0bca40e477d600c2c69f92d155b161da&reconnect-key=257997c66a9d9ab4fee4d1520d6164ac14c4cf9b&reconnect-sequence-number=16942&initialFileVersion=106&previousLoadMode=incremental&incremental-loading-validation=0&force-dpl-journaled-reconnect=1 @ https://www.figma.com/webpack-artifacts/assets/vendor-core-34edd2c749031eb9.min.js.br:53
[47230073ms] [INFO] [MultiplayerSession] Joining file version 106 (skip_reload reconnect) @ https://www.figma.com/webpack-artifacts/assets/vendor-core-34edd2c749031eb9.min.js.br:53
[47230075ms] [INFO] afterJoinEnd PageSyncing: Loaded incrementally {loaded_pages: 0:5794} @ https://www.figma.com/webpack-artifacts/assets/vendor-core-34edd2c749031eb9.min.js.br:53
[48266441ms] [INFO] [MultiplayerSession] connecting to wss://www.figma.com/api/multiplayer/d3ryvDPdEhVlH8WqHlbKB5OT?role=editor&tracking_session_id=HE4c2H0OMvpWagpj&version=151&recentReload=0&file-load-streaming-compression=&scenegraph-queries-initial-nodes=0%3A5794&user-id=1090649483460597189&client_release=e13076fc0bca40e477d600c2c69f92d155b161da&reconnect-key=257997c66a9d9ab4fee4d1520d6164ac14c4cf9b&reconnect-sequence-number=16942&initialFileVersion=106&previousLoadMode=incremental&incremental-loading-validation=0&force-dpl-journaled-reconnect=1 @ https://www.figma.com/webpack-artifacts/assets/vendor-core-34edd2c749031eb9.min.js.br:53
[48268105ms] [INFO] [MultiplayerSession] Joining file version 106 (skip_reload reconnect) @ https://www.figma.com/webpack-artifacts/assets/vendor-core-34edd2c749031eb9.min.js.br:53
[48268107ms] [INFO] afterJoinEnd PageSyncing: Loaded incrementally {loaded_pages: 0:5794} @ https://www.figma.com/webpack-artifacts/assets/vendor-core-34edd2c749031eb9.min.js.br:53
[49834333ms] [LOG] [Livegraph] Connection closed. Code: 4001, reason: connection_lifetime @ https://www.figma.com/webpack-artifacts/assets/vendor-core-34edd2c749031eb9.min.js.br:53
[53695031ms] [LOG] [Livegraph] Connection closed. Code: 4001, reason: connection_lifetime @ https://www.figma.com/webpack-artifacts/assets/vendor-core-34edd2c749031eb9.min.js.br:53
[57373072ms] [LOG] [Livegraph] Connection closed. Code: 4001, reason: connection_lifetime @ https://www.figma.com/webpack-artifacts/assets/vendor-core-34edd2c749031eb9.min.js.br:53
[57506359ms] [INFO] [MultiplayerSession] connecting to wss://www.figma.com/api/multiplayer/d3ryvDPdEhVlH8WqHlbKB5OT?role=editor&tracking_session_id=HE4c2H0OMvpWagpj&version=151&recentReload=0&file-load-streaming-compression=&scenegraph-queries-initial-nodes=0%3A5794&user-id=1090649483460597189&client_release=e13076fc0bca40e477d600c2c69f92d155b161da&reconnect-key=257997c66a9d9ab4fee4d1520d6164ac14c4cf9b&reconnect-sequence-number=16942&initialFileVersion=106&previousLoadMode=incremental&incremental-loading-validation=0&force-dpl-journaled-reconnect=1 @ https://www.figma.com/webpack-artifacts/assets/vendor-core-34edd2c749031eb9.min.js.br:53
[57508024ms] [INFO] [MultiplayerSession] Joining file version 106 (skip_reload reconnect) @ https://www.figma.com/webpack-artifacts/assets/vendor-core-34edd2c749031eb9.min.js.br:53
[57508027ms] [INFO] afterJoinEnd PageSyncing: Loaded incrementally {loaded_pages: 0:5794} @ https://www.figma.com/webpack-artifacts/assets/vendor-core-34edd2c749031eb9.min.js.br:53
[58030853ms] [INFO] [MultiplayerSession] connecting to wss://www.figma.com/api/multiplayer/d3ryvDPdEhVlH8WqHlbKB5OT?role=editor&tracking_session_id=HE4c2H0OMvpWagpj&version=151&recentReload=0&file-load-streaming-compression=&scenegraph-queries-initial-nodes=0%3A5794&user-id=1090649483460597189&client_release=e13076fc0bca40e477d600c2c69f92d155b161da&reconnect-key=257997c66a9d9ab4fee4d1520d6164ac14c4cf9b&reconnect-sequence-number=16942&initialFileVersion=106&previousLoadMode=incremental&incremental-loading-validation=0&force-dpl-journaled-reconnect=1 @ https://www.figma.com/webpack-artifacts/assets/vendor-core-34edd2c749031eb9.min.js.br:53
[58032767ms] [INFO] [MultiplayerSession] Joining file version 106 (skip_reload reconnect) @ https://www.figma.com/webpack-artifacts/assets/vendor-core-34edd2c749031eb9.min.js.br:53
[58032769ms] [INFO] afterJoinEnd PageSyncing: Loaded incrementally {loaded_pages: 0:5794} @ https://www.figma.com/webpack-artifacts/assets/vendor-core-34edd2c749031eb9.min.js.br:53
[61184343ms] [LOG] [Livegraph] Connection closed. Code: 4001, reason: connection_lifetime @ https://www.figma.com/webpack-artifacts/assets/vendor-core-34edd2c749031eb9.min.js.br:53
[64904934ms] [LOG] [Livegraph] Connection closed. Code: 4001, reason: connection_lifetime @ https://www.figma.com/webpack-artifacts/assets/vendor-core-34edd2c749031eb9.min.js.br:53
